Archive member included to satisfy reference by file (symbol)

app/libapp.a(app_ble.c.obj)   (--whole-archive)
app/libapp.a(arial_20b.c.obj)
                              (--whole-archive)
app/libapp.a(arial_20bold.c.obj)
                              (--whole-archive)
app/libapp.a(calibri_20.c.obj)
                              (--whole-archive)
app/libapp.a(calibri_20b.c.obj)
                              (--whole-archive)
app/libapp.a(calibri_24b.c.obj)
                              (--whole-archive)
app/libapp.a(calibri_32b.c.obj)
                              (--whole-archive)
app/libapp.a(gui.c.obj)       (--whole-archive)
app/libapp.a(img_noise_background.c.obj)
                              (--whole-archive)
app/libapp.a(led_off.c.obj)   (--whole-archive)
app/libapp.a(led_on.c.obj)    (--whole-archive)
app/libapp.a(nod_logo.c.obj)  (--whole-archive)
app/libapp.a(main.c.obj)      (--whole-archive)
zephyr/libzephyr.a(cbprintf.c.obj)
                              (--whole-archive)
zephyr/libzephyr.a(crc32_sw.c.obj)
                              (--whole-archive)
zephyr/libzephyr.a(crc16_sw.c.obj)
                              (--whole-archive)
zephyr/libzephyr.a(crc8_sw.c.obj)
                              (--whole-archive)
zephyr/libzephyr.a(crc7_sw.c.obj)
                              (--whole-archive)
zephyr/libzephyr.a(dec.c.obj)
                              (--whole-archive)
zephyr/libzephyr.a(fdtable.c.obj)
                              (--whole-archive)
zephyr/libzephyr.a(hex.c.obj)
                              (--whole-archive)
zephyr/libzephyr.a(notify.c.obj)
                              (--whole-archive)
zephyr/libzephyr.a(printk.c.obj)
                              (--whole-archive)
zephyr/libzephyr.a(onoff.c.obj)
                              (--whole-archive)
zephyr/libzephyr.a(rb.c.obj)  (--whole-archive)
zephyr/libzephyr.a(sem.c.obj)
                              (--whole-archive)
zephyr/libzephyr.a(thread_entry.c.obj)
                              (--whole-archive)
zephyr/libzephyr.a(timeutil.c.obj)
                              (--whole-archive)
zephyr/libzephyr.a(work_q.c.obj)
                              (--whole-archive)
zephyr/libzephyr.a(heap.c.obj)
                              (--whole-archive)
zephyr/libzephyr.a(heap-validate.c.obj)
                              (--whole-archive)
zephyr/libzephyr.a(cbprintf_complete.c.obj)
                              (--whole-archive)
zephyr/libzephyr.a(configs.c.obj)
                              (--whole-archive)
zephyr/libzephyr.a(soc.c.obj)
                              (--whole-archive)
zephyr/libzephyr.a(power.c.obj)
                              (--whole-archive)
zephyr/libzephyr.a(validate_base_addresses.c.obj)
                              (--whole-archive)
zephyr/libzephyr.a(validate_enabled_instances.c.obj)
                              (--whole-archive)
zephyr/libzephyr.a(rpmsg_backend.c.obj)
                              (--whole-archive)
zephyr/libzephyr.a(rpmsg_service.c.obj)
                              (--whole-archive)
zephyr/libzephyr.a(addr_utils.c.obj)
                              (--whole-archive)
zephyr/libzephyr.a(power.c.obj)
                              (--whole-archive)
zephyr/libzephyr.a(reboot.c.obj)
                              (--whole-archive)
zephyr/libzephyr.a(policy_residency.c.obj)
                              (--whole-archive)
zephyr/libzephyr.a(uart_console.c.obj)
                              (--whole-archive)
zephyr/libzephyr.a(clock_control_nrf.c.obj)
                              (--whole-archive)
zephyr/libzephyr.a(display_ili9xxx.c.obj)
                              (--whole-archive)
zephyr/libzephyr.a(display_ili9340.c.obj)
                              (--whole-archive)
zephyr/libzephyr.a(rpmsg.c.obj)
                              (--whole-archive)
zephyr/libzephyr.a(rpmsg_nrf53.c.obj)
                              (--whole-archive)
zephyr/libzephyr.a(sys_clock_init.c.obj)
                              (--whole-archive)
zephyr/libzephyr.a(nrf_rtc_timer.c.obj)
                              (--whole-archive)
zephyr/libzephyr.a(lbs.c.obj)
                              (--whole-archive)
zephyr/libzephyr.a(nrf_cc3xx_platform_abort_zephyr.c.obj)
                              (--whole-archive)
zephyr/libzephyr.a(nrf_cc3xx_platform_mutex_zephyr.c.obj)
                              (--whole-archive)
zephyr/libzephyr.a(utils.c.obj)
                              (--whole-archive)
zephyr/libzephyr.a(aes_decrypt.c.obj)
                              (--whole-archive)
zephyr/libzephyr.a(aes_encrypt.c.obj)
                              (--whole-archive)
zephyr/libzephyr.a(cmac_mode.c.obj)
                              (--whole-archive)
zephyr/libzephyr.a(sha256.c.obj)
                              (--whole-archive)
zephyr/libzephyr.a(hmac.c.obj)
                              (--whole-archive)
zephyr/libzephyr.a(hmac_prng.c.obj)
                              (--whole-archive)
[...]
Memory Configuration

Name             Origin             Length             Attributes
FLASH            0x00000000         0x00100000         xr
SRAM             0x20000000         0x00070000         xw
IDT_LIST         0x20070000         0x00000800         xw
*default*        0x00000000         0xffffffff

Linker script and memory map

LOAD zephyr/CMakeFiles/zephyr_prebuilt.dir/misc/empty_file.c.obj
                0x00000020                _region_min_align = 0x20

.rel.plt        0x00000000        0x0
 *(SORT_BY_ALIGNMENT(.rel.plt))
                [!provide]                PROVIDE (__rel_iplt_start = .)
 *(SORT_BY_ALIGNMENT(.rel.iplt))
 .rel.iplt      0x00000000        0x0 app/libapp.a(app_ble.c.obj)
                [!provide]                PROVIDE (__rel_iplt_end = .)

.rela.plt       0x00000000        0x0
 *(SORT_BY_ALIGNMENT(.rela.plt))
                [!provide]                PROVIDE (__rela_iplt_start = .)
 *(SORT_BY_ALIGNMENT(.rela.iplt))
                [!provide]                PROVIDE (__rela_iplt_end = .)

.rel.dyn
 *(SORT_BY_ALIGNMENT(.rel.*))

.rela.dyn
 *(SORT_BY_ALIGNMENT(.rela.*))

/DISCARD/
 *(SORT_BY_ALIGNMENT(.plt))
 *(SORT_BY_ALIGNMENT(.iplt))
 *(SORT_BY_ALIGNMENT(.got.plt))
 *(SORT_BY_ALIGNMENT(.igot.plt))
 *(SORT_BY_ALIGNMENT(.got))
 *(SORT_BY_ALIGNMENT(.igot))
 *(SORT_BY_ALIGNMENT(.note.GNU-stack))
                0x00000000                _image_rom_start = 0x0

rom_start       0x00000000      0x154
                0x00000000                . = 0x0
                0x00000000                . = ALIGN (0x4)
                0x00000000                . = ALIGN (0x80)
                0x00000000                . = ALIGN (0x200)
                0x00000000                _vector_start = .
 *(SORT_BY_ALIGNMENT(.exc_vector_table))
 *(SORT_BY_ALIGNMENT(.exc_vector_table.*))
 .exc_vector_table._vector_table_section
                0x00000000       0x40 zephyr/arch/arch/arm/core/aarch32/cortex_m/libarch__arm__core__aarch32__cortex_m.a(vector_table.S.obj)
                0x00000000                _vector_table
 *(SORT_BY_ALIGNMENT(.gnu.linkonce.irq_vector_table*))
 .gnu.linkonce.irq_vector_table*
                0x00000040      0x114 zephyr/arch/common/libisr_tables.a(isr_tables.c.obj)
                0x00000040                _irq_vector_table
 *(SORT_BY_ALIGNMENT(.vectors))
                0x00000154                _vector_end = .
 *(SORT_BY_ALIGNMENT(.openocd_dbg))
 *(SORT_BY_ALIGNMENT(.openocd_dbg.*))

text            0x00000154    0x1d8ac
                0x00000154                _image_text_start = .
 *(SORT_BY_ALIGNMENT(.text))
 .text          0x00000154       0x30 c:/users/pulcher/ncs/v1.5.0/toolchain/opt/bin/../lib/gcc/arm-none-eabi/9.2.1/thumb/v8-m.main/nofp\libgcc.a(_aeabi_uldivmod.o)
                0x00000154                __aeabi_uldivmod
 .text          0x00000184      0x2c8 c:/users/pulcher/ncs/v1.5.0/toolchain/opt/bin/../lib/gcc/arm-none-eabi/9.2.1/thumb/v8-m.main/nofp\libgcc.a(_udivmoddi4.o)
                0x00000184                __udivmoddi4
 .text          0x0000044c        0x4 c:/users/pulcher/ncs/v1.5.0/toolchain/opt/bin/../lib/gcc/arm-none-eabi/9.2.1/thumb/v8-m.main/nofp\libgcc.a(_dvmd_tls.o)
                0x0000044c                __aeabi_idiv0
                0x0000044c                __aeabi_ldiv0
 .text          0x00000450       0x14 C:/Users/pulcher/ncs/v1.5.0/toolchain/opt/arm-none-eabi/lib/thumb/v8-m.main/nofp\libc_nano.a(lib_a-strcmp.o)
                0x00000450                strcmp
 .text          0x00000464       0x10 C:/Users/pulcher/ncs/v1.5.0/toolchain/opt/arm-none-eabi/lib/thumb/v8-m.main/nofp\libc_nano.a(lib_a-strlen.o)
                0x00000464                strlen
 *(SORT_BY_ALIGNMENT(.text.*))
 .text.trigger_event
                0x00000474       0x18 app/libapp.a(app_ble.c.obj)
 .text.disconnected
                0x0000048c       0x10 app/libapp.a(app_ble.c.obj)
 .text.app_led_cb
                0x0000049c       0x10 app/libapp.a(app_ble.c.obj)
 .text.connected
                0x000004ac       0x1c app/libapp.a(app_ble.c.obj)
 .text.app_ble_start_advertising
                0x000004c8       0x40 app/libapp.a(app_ble.c.obj)
                0x000004c8                app_ble_start_advertising
 .text.app_ble_send_button_state
                0x00000508       0x10 app/libapp.a(app_ble.c.obj)
                0x00000508                app_ble_send_button_state
 .text.app_ble_init
                0x00000518       0x50 app/libapp.a(app_ble.c.obj)
                0x00000518                app_ble_init
 .text.on_gui_blink_timer
                0x00000568       0x2c app/libapp.a(gui.c.obj)
 .text.gui_show_connected_elements
                0x00000594       0x50 app/libapp.a(gui.c.obj)
 .text.on_button1
                0x000005e4       0x64 app/libapp.a(gui.c.obj)
 .text.gui_run  0x00000648      0x6b4 app/libapp.a(gui.c.obj)
                0x00000648                gui_run
 .text.gui_init
                0x00000cfc        0xc app/libapp.a(gui.c.obj)
                0x00000cfc                gui_init
 .text.gui_set_bt_state
                0x00000d08       0x1c app/libapp.a(gui.c.obj)
                0x00000d08                gui_set_bt_state
 .text.gui_set_bt_led_state
                0x00000d24       0x1c app/libapp.a(gui.c.obj)
                0x00000d24                gui_set_bt_led_state
 .text.on_app_ble_event
                0x00000d40       0x68 app/libapp.a(main.c.obj)
 .text.main     0x00000da8       0x40 app/libapp.a(main.c.obj)
                0x00000da8                main
 .text.char_out
                0x00000de8       0x10 zephyr/libzephyr.a(printk.c.obj)
 .text.__printk_hook_install
                0x00000df8        0xc zephyr/libzephyr.a(printk.c.obj)
                0x00000df8                __printk_hook_install
 .text.vprintk  0x00000e04       0x1c zephyr/libzephyr.a(printk.c.obj)
                0x00000e04                vprintk
 .text.process_event
                0x00000e20      0x1cc zephyr/libzephyr.a(onoff.c.obj)
 .text.extract_decimal
                0x00000fec       0x2c zephyr/libzephyr.a(cbprintf_complete.c.obj)
 .text.encode_uint
                0x00001018       0xa0 zephyr/libzephyr.a(cbprintf_complete.c.obj)
 .text.cbvprintf
                0x000010b8      0x730 zephyr/libzephyr.a(cbprintf_complete.c.obj)
                0x000010b8                cbvprintf
 .text.check_erratum19
                0x000017e8       0x34 zephyr/libzephyr.a(soc.c.obj)
 .text.nrf_gpio_pin_mcu_select.constprop.0
                0x0000181c       0x30 zephyr/libzephyr.a(soc.c.obj)
 .text.nordicsemi_nrf53_init
                0x0000184c       0x4c zephyr/libzephyr.a(soc.c.obj)
 .text.arch_busy_wait
                0x00001898       0x24 zephyr/libzephyr.a(soc.c.obj)
                0x00001898                arch_busy_wait
 .text.virtio_set_status
                0x000018bc        0xc zephyr/libzephyr.a(rpmsg_backend.c.obj)
 .text.init_status_flag
                0x000018c8        0xc zephyr/libzephyr.a(rpmsg_backend.c.obj)
                0x000018c8                init_status_flag
 .text.ipm_callback_process
                0x000018d4        0xc zephyr/libzephyr.a(rpmsg_backend.c.obj)
 .text.virtio_notify
                0x000018e0       0x1c zephyr/libzephyr.a(rpmsg_backend.c.obj)
 .text.ipm_callback
                0x000018fc       0x28 zephyr/libzephyr.a(rpmsg_backend.c.obj)
 .text.rpmsg_backend_init
                0x00001924      0x134 zephyr/libzephyr.a(rpmsg_backend.c.obj)
                0x00001924                rpmsg_backend_init
 .text.ns_bind_cb
                0x00001a58       0x5c zephyr/libzephyr.a(rpmsg_service.c.obj)
 .text.rpmsg_service_init
                0x00001ab4       0x54 zephyr/libzephyr.a(rpmsg_service.c.obj)
 .text.rpmsg_service_register_endpoint
                0x00001b08       0x38 zephyr/libzephyr.a(rpmsg_service.c.obj)
                0x00001b08                rpmsg_service_register_endpoint
 .text.rpmsg_service_endpoint_is_bound
                0x00001b40       0x14 zephyr/libzephyr.a(rpmsg_service.c.obj)
                0x00001b40                rpmsg_service_endpoint_is_bound
 .text.rpmsg_service_send
                0x00001b54       0x28 zephyr/libzephyr.a(rpmsg_service.c.obj)
                0x00001b54                rpmsg_service_send
 .text.sys_reboot
                0x00001b7c       0x30 zephyr/libzephyr.a(reboot.c.obj)
                0x00001b7c                sys_reboot
 .text.uart_console_init
                0x00001bac       0x2c zephyr/libzephyr.a(uart_console.c.obj)
 .text.console_out
                0x00001bd8       0x28 zephyr/libzephyr.a(uart_console.c.obj)
 .text.onoff_stop
                0x00001c00       0x48 zephyr/libzephyr.a(clock_control_nrf.c.obj)
 .text.onoff_start
                0x00001c48       0x58 zephyr/libzephyr.a(clock_control_nrf.c.obj)
 .text.clk_init
                0x00001ca0       0x68 zephyr/libzephyr.a(clock_control_nrf.c.obj)
 .text.clkstarted_handle.constprop.0
                0x00001d08       0x34 zephyr/libzephyr.a(clock_control_nrf.c.obj)
 .text.clock_event_handler
                0x00001d3c       0x30 zephyr/libzephyr.a(clock_control_nrf.c.obj)
 .text.generic_hfclk_start
                0x00001d6c       0x64 zephyr/libzephyr.a(clock_control_nrf.c.obj)
 .text.generic_hfclk_stop
                0x00001dd0       0x24 zephyr/libzephyr.a(clock_control_nrf.c.obj)
 .text.api_blocking_start
                0x00001df4       0x3c zephyr/libzephyr.a(clock_control_nrf.c.obj)
 .text.z_nrf_clock_control_lf_on
                0x00001e30      0x10c zephyr/libzephyr.a(clock_control_nrf.c.obj)
                0x00001e30                z_nrf_clock_control_lf_on
 .text.bt_rpmsg_init
                0x00001f3c       0x1c zephyr/libzephyr.a(rpmsg.c.obj)
 .text.bt_rpmsg_platform_init
                0x00001f58       0x28 zephyr/libzephyr.a(rpmsg_nrf53.c.obj)
                0x00001f58                bt_rpmsg_platform_init
 .text.bt_rpmsg_platform_send
                0x00001f80       0x10 zephyr/libzephyr.a(rpmsg_nrf53.c.obj)
                0x00001f80                bt_rpmsg_platform_send
 .text.bt_rpmsg_platform_endpoint_is_bound
                0x00001f90       0x10 zephyr/libzephyr.a(rpmsg_nrf53.c.obj)
                0x00001f90                bt_rpmsg_platform_endpoint_is_bound
 .text.sys_clock_timeout_handler
                0x00001fa0       0x18 zephyr/libzephyr.a(nrf_rtc_timer.c.obj)
 .text.set_absolute_alarm
                0x00001fb8       0x98 zephyr/libzephyr.a(nrf_rtc_timer.c.obj)
 .text.rtc_nrf_isr
                0x00002050       0x50 zephyr/libzephyr.a(nrf_rtc_timer.c.obj)
                0x00002050                rtc_nrf_isr
 .text.z_clock_driver_init
                0x000020a0       0x54 zephyr/libzephyr.a(nrf_rtc_timer.c.obj)
                0x000020a0                z_clock_driver_init
 .text.z_clock_set_timeout
                0x000020f4       0x64 zephyr/libzephyr.a(nrf_rtc_timer.c.obj)
                0x000020f4                z_clock_set_timeout
 .text.z_clock_elapsed
                0x00002158       0x34 zephyr/libzephyr.a(nrf_rtc_timer.c.obj)
                0x00002158                z_clock_elapsed
 .text.lbslc_ccc_cfg_changed
                0x0000218c       0x10 zephyr/libzephyr.a(lbs.c.obj)
 .text.write_led
                0x0000219c       0x18 zephyr/libzephyr.a(lbs.c.obj)
 .text.bt_lbs_init
                0x000021b4       0x14 zephyr/libzephyr.a(lbs.c.obj)
                0x000021b4                bt_lbs_init
 .text.bt_lbs_send_button_state
                0x000021c8       0x44 zephyr/libzephyr.a(lbs.c.obj)
                0x000021c8                bt_lbs_send_button_state
 .text.nrf_cc3xx_platform_abort_init
                0x0000220c        0xc zephyr/libzephyr.a(nrf_cc3xx_platform_abort_zephyr.c.obj)
                0x0000220c                nrf_cc3xx_platform_abort_init
 .text.mutex_unlock_platform
                0x00002218       0x60 zephyr/libzephyr.a(nrf_cc3xx_platform_mutex_zephyr.c.obj)
 .text.mutex_free_platform
                0x00002278       0x48 zephyr/libzephyr.a(nrf_cc3xx_platform_mutex_zephyr.c.obj)
 .text.mutex_init_platform
                0x000022c0       0x70 zephyr/libzephyr.a(nrf_cc3xx_platform_mutex_zephyr.c.obj)
 .text.mutex_lock_platform
                0x00002330       0x68 zephyr/libzephyr.a(nrf_cc3xx_platform_mutex_zephyr.c.obj)
 .text.nrf_cc3xx_platform_mutex_init
                0x00002398       0x2c zephyr/libzephyr.a(nrf_cc3xx_platform_mutex_zephyr.c.obj)
                0x00002398                nrf_cc3xx_platform_mutex_init
 .text.tc_aes128_set_encrypt_key
                0x000023c4       0xa8 zephyr/libzephyr.a(aes_encrypt.c.obj)
                0x000023c4                tc_aes128_set_encrypt_key
 .text.tc_aes_encrypt
                0x0000246c       0xd4 zephyr/libzephyr.a(aes_encrypt.c.obj)
                0x0000246c                tc_aes_encrypt
 .text.compress
                0x00002540      0x1cc zephyr/libzephyr.a(sha256.c.obj)
 .text.tc_sha256_init
                0x0000270c       0x58 zephyr/libzephyr.a(sha256.c.obj)
                0x0000270c                tc_sha256_init
 .text.arch_swap
                0x00002764       0x38 zephyr/arch/arch/arm/core/aarch32/libarch__arm__core__aarch32.a(swap.c.obj)
                0x00002764                arch_swap
 .text.arch_irq_enable
                0x0000279c       0x20 zephyr/arch/arch/arm/core/aarch32/libarch__arm__core__aarch32.a(irq_manage.c.obj)
                0x0000279c                arch_irq_enable
 .text.arch_irq_is_enabled
                0x000027bc       0x1c zephyr/arch/arch/arm/core/aarch32/libarch__arm__core__aarch32.a(irq_manage.c.obj)
                0x000027bc                arch_irq_is_enabled
 .text.z_arm_irq_priority_set
                0x000027d8       0x2c zephyr/arch/arch/arm/core/aarch32/libarch__arm__core__aarch32.a(irq_manage.c.obj)
                0x000027d8                z_arm_irq_priority_set
 .text.arch_new_thread
                0x00002804       0x38 zephyr/arch/arch/arm/core/aarch32/libarch__arm__core__aarch32.a(thread.c.obj)
                0x00002804                arch_new_thread
 .text.arch_switch_to_main_thread
                0x0000283c       0x34 zephyr/arch/arch/arm/core/aarch32/libarch__arm__core__aarch32.a(thread.c.obj)
                0x0000283c                arch_switch_to_main_thread
 .text.z_arm_prep_c
                0x00002870       0x44 zephyr/arch/arch/arm/core/aarch32/libarch__arm__core__aarch32.a(prep_c.c.obj)
                0x00002870                z_arm_prep_c
 .text.z_arm_pendsv
                0x000028b4       0x58 zephyr/arch/arch/arm/core/aarch32/libarch__arm__core__aarch32.a(swap_helper.S.obj)
                0x000028b4                z_arm_pendsv
 .text.z_arm_svc
                0x0000290c       0x20 zephyr/arch/arch/arm/core/aarch32/libarch__arm__core__aarch32.a(swap_helper.S.obj)
                0x0000290c                z_arm_svc
 .text.z_arm_cpu_idle_init
                0x0000292c        0xc zephyr/arch/arch/arm/core/aarch32/libarch__arm__core__aarch32.a(cpu_idle.S.obj)
                0x0000292c                z_arm_cpu_idle_init
 .text.arch_cpu_idle
                0x00002938       0x1c zephyr/arch/arch/arm/core/aarch32/libarch__arm__core__aarch32.a(cpu_idle.S.obj)
                0x00002938                arch_cpu_idle
 .text.arch_cpu_atomic_idle
                0x00002954       0x14 zephyr/arch/arch/arm/core/aarch32/libarch__arm__core__aarch32.a(cpu_idle.S.obj)
                0x00002954                arch_cpu_atomic_idle
 .text.z_SysNmiOnReset
                0x00002968        0x8 zephyr/arch/arch/arm/core/aarch32/libarch__arm__core__aarch32.a(nmi_on_reset.S.obj)
                0x00002968                z_SysNmiOnReset
 .text._isr_wrapper
                0x00002970       0x40 zephyr/arch/arch/arm/core/aarch32/libarch__arm__core__aarch32.a(isr_wrapper.S.obj)
                0x00002970                _isr_wrapper
 .text._reset_section
                0x000029b0       0x30 zephyr/arch/arch/arm/core/aarch32/cortex_m/libarch__arm__core__aarch32__cortex_m.a(reset.S.obj)
                0x000029b0                __start
                0x000029b0                z_arm_reset
 .text.__fault  0x000029e0       0x14 zephyr/arch/arch/arm/core/aarch32/cortex_m/libarch__arm__core__aarch32__cortex_m.a(fault_s.S.obj)
                0x000029e0                z_arm_usage_fault
                0x000029e0                z_arm_mpu_fault
                0x000029e0                z_arm_exc_spurious
                0x000029e0                z_arm_debug_monitor
                0x000029e0                z_arm_hard_fault
                0x000029e0                z_arm_bus_fault
 .text._HandlerModeExit
                0x000029f4       0x1c zephyr/arch/arch/arm/core/aarch32/cortex_m/libarch__arm__core__aarch32__cortex_m.a(exc_exit.S.obj)
                0x000029f4                z_arm_int_exit
                0x000029f4                z_arm_exc_exit
 .text.mem_manage_fault.isra.0
                0x00002a10       0x40 zephyr/arch/arch/arm/core/aarch32/cortex_m/libarch__arm__core__aarch32__cortex_m.a(fault.c.obj)
 .text.bus_fault.isra.0
                0x00002a50       0x3c zephyr/arch/arch/arm/core/aarch32/cortex_m/libarch__arm__core__aarch32__cortex_m.a(fault.c.obj)
 .text.usage_fault.isra.0
                0x00002a8c       0x2c zephyr/arch/arch/arm/core/aarch32/cortex_m/libarch__arm__core__aarch32__cortex_m.a(fault.c.obj)
 .text.z_arm_fault
                0x00002ab8       0xf8 zephyr/arch/arch/arm/core/aarch32/cortex_m/libarch__arm__core__aarch32__cortex_m.a(fault.c.obj)
                0x00002ab8                z_arm_fault
 .text.z_arm_fault_init
                0x00002bb0       0x18 zephyr/arch/arch/arm/core/aarch32/cortex_m/libarch__arm__core__aarch32__cortex_m.a(fault.c.obj)
                0x00002bb0                z_arm_fault_init
 .text.sys_arch_reboot
                0x00002bc8       0x24 zephyr/arch/arch/arm/core/aarch32/cortex_m/libarch__arm__core__aarch32__cortex_m.a(scb.c.obj)
                0x00002bc8                sys_arch_reboot
 .text.z_arm_interrupt_init
                0x00002bec       0x18 zephyr/arch/arch/arm/core/aarch32/cortex_m/libarch__arm__core__aarch32__cortex_m.a(irq_init.c.obj)
                0x00002bec                z_arm_interrupt_init
 .text.z_impl_k_thread_abort
                0x00002c04       0x44 zephyr/arch/arch/arm/core/aarch32/cortex_m/libarch__arm__core__aarch32__cortex_m.a(thread_abort.c.obj)
                0x00002c04                z_impl_k_thread_abort
 .text.z_arm_configure_static_mpu_regions
                0x00002c48       0x38 zephyr/arch/arch/arm/core/aarch32/cortex_m/mpu/libarch__arm__core__aarch32__cortex_m__mpu.a(arm_core_mpu.c.obj)
                0x00002c48                z_arm_configure_static_mpu_regions
 .text.region_init
                0x00002c80       0x30 zephyr/arch/arch/arm/core/aarch32/cortex_m/mpu/libarch__arm__core__aarch32__cortex_m__mpu.a(arm_mpu.c.obj)
 .text.mpu_configure_regions_and_partition.constprop.0
                0x00002cb0      0x13c zephyr/arch/arch/arm/core/aarch32/cortex_m/mpu/libarch__arm__core__aarch32__cortex_m__mpu.a(arm_mpu.c.obj)
 .text.arm_core_mpu_enable
                0x00002dec       0x14 zephyr/arch/arch/arm/core/aarch32/cortex_m/mpu/libarch__arm__core__aarch32__cortex_m__mpu.a(arm_mpu.c.obj)
                0x00002dec                arm_core_mpu_enable
 .text.arm_core_mpu_disable
                0x00002e00       0x10 zephyr/arch/arch/arm/core/aarch32/cortex_m/mpu/libarch__arm__core__aarch32__cortex_m__mpu.a(arm_mpu.c.obj)
                0x00002e00                arm_core_mpu_disable
 .text.arm_mpu_init
                0x00002e10       0x4c zephyr/arch/arch/arm/core/aarch32/cortex_m/mpu/libarch__arm__core__aarch32__cortex_m__mpu.a(arm_mpu.c.obj)
 .text.arm_core_mpu_configure_static_mpu_regions
                0x00002e5c       0x14 zephyr/arch/arch/arm/core/aarch32/cortex_m/mpu/libarch__arm__core__aarch32__cortex_m__mpu.a(arm_mpu.c.obj)
                0x00002e5c                arm_core_mpu_configure_static_mpu_regions
 .text.arm_core_mpu_mark_areas_for_dynamic_regions
                0x00002e70       0xac zephyr/arch/arch/arm/core/aarch32/cortex_m/mpu/libarch__arm__core__aarch32__cortex_m__mpu.a(arm_mpu.c.obj)
                0x00002e70                arm_core_mpu_mark_areas_for_dynamic_regions
 .text.__stdout_hook_install
                0x00002f1c        0xc zephyr/lib/libc/newlib/liblib__libc__newlib.a(libc-hooks.c.obj)
                0x00002f1c                __stdout_hook_install
 .text.lvgl_pointer_kscan_read
                0x00002f28       0xa8 zephyr/lib/gui/lvgl/liblib__gui__lvgl.a(lvgl.c.obj)
 .text.lvgl_pointer_kscan_callback
                0x00002fd0       0x2c zephyr/lib/gui/lvgl/liblib__gui__lvgl.a(lvgl.c.obj)
 .text.lvgl_init
                0x00002ffc       0xd8 zephyr/lib/gui/lvgl/liblib__gui__lvgl.a(lvgl.c.obj)
 .text.set_lvgl_rendering_cb
                0x000030d4       0x98 zephyr/lib/gui/lvgl/liblib__gui__lvgl.a(lvgl_display.c.obj)
                0x000030d4                set_lvgl_rendering_cb
 .text.remoteproc_mgr_boot
                0x0000316c       0x34 zephyr/boards/boards/arm/nrf5340dk_nrf5340_cpuapp/libboards__arm__nrf5340dk_nrf5340.a(nrf5340_cpunet_reset.c.obj)
 .text.uuid_to_uuid128
                0x000031a0       0x88 zephyr/subsys/bluetooth/host/libsubsys__bluetooth__host.a(uuid.c.obj)
 .text.bt_buf_get_rx
                0x00003228       0x2c zephyr/subsys/bluetooth/host/libsubsys__bluetooth__host.a(buf.c.obj)
                0x00003228                bt_buf_get_rx
 .text.bt_buf_get_cmd_complete
                0x00003254       0x4c zephyr/subsys/bluetooth/host/libsubsys__bluetooth__host.a(buf.c.obj)
                0x00003254                bt_buf_get_cmd_complete
 .text.bt_buf_get_evt
                0x000032a0       0x54 zephyr/subsys/bluetooth/host/libsubsys__bluetooth__host.a(buf.c.obj)
                0x000032a0                bt_buf_get_evt
 .text.id_find  0x000032f4       0x30 zephyr/subsys/bluetooth/host/libsubsys__bluetooth__host.a(hci_core.c.obj)
 .text.valid_adv_param
                0x00003324       0x88 zephyr/subsys/bluetooth/host/libsubsys__bluetooth__host.a(hci_core.c.obj)
 .text.hci_le_meta_event
                0x000033ac       0x20 zephyr/subsys/bluetooth/host/libsubsys__bluetooth__host.a(hci_core.c.obj)
 .text.find_pending_connect.part.0
                0x000033cc       0x3c zephyr/subsys/bluetooth/host/libsubsys__bluetooth__host.a(hci_core.c.obj)
 .text.id_create.isra.0
                0x00003408       0x54 zephyr/subsys/bluetooth/host/libsubsys__bluetooth__host.a(hci_core.c.obj)
 .text.hci_rx_thread
                0x0000345c      0x10c zephyr/subsys/bluetooth/host/libsubsys__bluetooth__host.a(hci_core.c.obj)
 .text.hci_num_completed_packets
                0x00003568       0xd4 zephyr/subsys/bluetooth/host/libsubsys__bluetooth__host.a(hci_core.c.obj)
 .text.hci_cmd_done.isra.0
                0x0000363c       0x7c zephyr/subsys/bluetooth/host/libsubsys__bluetooth__host.a(hci_core.c.obj)
 .text.hci_cmd_complete
                0x000036b8       0x2c zephyr/subsys/bluetooth/host/libsubsys__bluetooth__host.a(hci_core.c.obj)
 .text.le_adv_start_add_conn
                0x000036e4       0xa8 zephyr/subsys/bluetooth/host/libsubsys__bluetooth__host.a(hci_core.c.obj)
 .text.hci_cmd_status
                0x0000378c       0x28 zephyr/subsys/bluetooth/host/libsubsys__bluetooth__host.a(hci_core.c.obj)
 .text.bt_hci_cmd_create
                0x000037b4       0x70 zephyr/subsys/bluetooth/host/libsubsys__bluetooth__host.a(hci_core.c.obj)
                0x000037b4                bt_hci_cmd_create
 .text.bt_hci_cmd_send_sync
                0x00003824       0xc4 zephyr/subsys/bluetooth/host/libsubsys__bluetooth__host.a(hci_core.c.obj)
                0x00003824                bt_hci_cmd_send_sync
 .text.set_random_address
                0x000038e8       0x5c zephyr/subsys/bluetooth/host/libsubsys__bluetooth__host.a(hci_core.c.obj)
 .text.le_adv_set_random_addr.isra.0
                0x00003944       0xb4 zephyr/subsys/bluetooth/host/libsubsys__bluetooth__host.a(hci_core.c.obj)
 .text.le_adv_update.constprop.0
                0x000039f8       0xe8 zephyr/subsys/bluetooth/host/libsubsys__bluetooth__host.a(hci_core.c.obj)
 .text.set_le_adv_enable_legacy
                0x00003ae0       0x5c zephyr/subsys/bluetooth/host/libsubsys__bluetooth__host.a(hci_core.c.obj)
 .text.bt_send  0x00003b3c       0x10 zephyr/subsys/bluetooth/host/libsubsys__bluetooth__host.a(hci_core.c.obj)
                0x00003b3c                bt_send
 .text.bt_hci_cmd_send
                0x00003b4c       0x44 zephyr/subsys/bluetooth/host/libsubsys__bluetooth__host.a(hci_core.c.obj)
                0x00003b4c                bt_hci_cmd_send
 .text.bt_hci_host_num_completed_packets
                0x00003b90       0x84 zephyr/subsys/bluetooth/host/libsubsys__bluetooth__host.a(hci_core.c.obj)
                0x00003b90                bt_hci_host_num_completed_packets
 .text.conn_auto_initiate
                0x00003c14       0xb4 zephyr/subsys/bluetooth/host/libsubsys__bluetooth__host.a(hci_core.c.obj)
 .text.hci_tx_thread
                0x00003cc8      0x128 zephyr/subsys/bluetooth/host/libsubsys__bluetooth__host.a(hci_core.c.obj)
 .text.hci_event_prio
                0x00003df0       0xa4 zephyr/subsys/bluetooth/host/libsubsys__bluetooth__host.a(hci_core.c.obj)
                0x00003df0                hci_event_prio
 .text.bt_recv  0x00003e94       0x44 zephyr/subsys/bluetooth/host/libsubsys__bluetooth__host.a(hci_core.c.obj)
                0x00003e94                bt_recv
 .text.bt_hci_driver_register
                0x00003ed8       0x28 zephyr/subsys/bluetooth/host/libsubsys__bluetooth__host.a(hci_core.c.obj)
                0x00003ed8                bt_hci_driver_register
 .text.bt_finalize_init
                0x00003f00        0xc zephyr/subsys/bluetooth/host/libsubsys__bluetooth__host.a(hci_core.c.obj)
                0x00003f00                bt_finalize_init
 .text.bt_get_name
                0x00003f0c        0x8 zephyr/subsys/bluetooth/host/libsubsys__bluetooth__host.a(hci_core.c.obj)
                0x00003f0c                bt_get_name
 .text.bt_id_create
                0x00003f14       0x68 zephyr/subsys/bluetooth/host/libsubsys__bluetooth__host.a(hci_core.c.obj)
                0x00003f14                bt_id_create
 .text.bt_setup_public_id_addr
                0x00003f7c       0x84 zephyr/subsys/bluetooth/host/libsubsys__bluetooth__host.a(hci_core.c.obj)
                0x00003f7c                bt_setup_public_id_addr
 .text.bt_read_static_addr
                0x00004000       0x68 zephyr/subsys/bluetooth/host/libsubsys__bluetooth__host.a(hci_core.c.obj)
                0x00004000                bt_read_static_addr
 .text.bt_setup_random_id_addr
                0x00004068       0x54 zephyr/subsys/bluetooth/host/libsubsys__bluetooth__host.a(hci_core.c.obj)
                0x00004068                bt_setup_random_id_addr
 .text.hci_init
                0x000040bc      0x414 zephyr/subsys/bluetooth/host/libsubsys__bluetooth__host.a(hci_core.c.obj)
 .text.bt_enable
                0x000044d0       0xfc zephyr/subsys/bluetooth/host/libsubsys__bluetooth__host.a(hci_core.c.obj)
                0x000044d0                bt_enable
 .text.init_work
                0x000045cc       0x2c zephyr/subsys/bluetooth/host/libsubsys__bluetooth__host.a(hci_core.c.obj)
 .text.bt_le_adv_start_legacy
                0x000045f8      0x210 zephyr/subsys/bluetooth/host/libsubsys__bluetooth__host.a(hci_core.c.obj)
                0x000045f8                bt_le_adv_start_legacy
 .text.bt_le_adv_start
                0x00004808       0x1c zephyr/subsys/bluetooth/host/libsubsys__bluetooth__host.a(hci_core.c.obj)
                0x00004808                bt_le_adv_start
 .text.bt_le_adv_resume
                0x00004824       0x6c zephyr/subsys/bluetooth/host/libsubsys__bluetooth__host.a(hci_core.c.obj)
                0x00004824                bt_le_adv_resume
 .text.enh_conn_complete
                0x00004890      0x124 zephyr/subsys/bluetooth/host/libsubsys__bluetooth__host.a(hci_core.c.obj)
 .text.prng_reseed.constprop.0
                0x000049b4       0x7c zephyr/subsys/bluetooth/host/libsubsys__bluetooth__host.a(crypto.c.obj)
 .text.prng_init
                0x00004a30       0x50 zephyr/subsys/bluetooth/host/libsubsys__bluetooth__host.a(crypto.c.obj)
                0x00004a30                prng_init
 .text.bt_rand  0x00004a80       0x30 zephyr/subsys/bluetooth/host/libsubsys__bluetooth__host.a(crypto.c.obj)
                0x00004a80                bt_rand
 .text.tx_free  0x00004ab0       0x14 zephyr/subsys/bluetooth/host/libsubsys__bluetooth__host.a(conn.c.obj)
 .text.notify_connected
                0x00004ac4       0x2c zephyr/subsys/bluetooth/host/libsubsys__bluetooth__host.a(conn.c.obj)
 .text.send_frag
                0x00004af0      0x114 zephyr/subsys/bluetooth/host/libsubsys__bluetooth__host.a(conn.c.obj)
 .text.bt_conn_get_pkts
                0x00004c04        0x8 zephyr/subsys/bluetooth/host/libsubsys__bluetooth__host.a(conn.c.obj)
                0x00004c04                bt_conn_get_pkts
 .text.notify_le_param_updated
                0x00004c0c       0x60 zephyr/subsys/bluetooth/host/libsubsys__bluetooth__host.a(conn.c.obj)
                0x00004c0c                notify_le_param_updated
 .text.le_param_req
                0x00004c6c       0x40 zephyr/subsys/bluetooth/host/libsubsys__bluetooth__host.a(conn.c.obj)
                0x00004c6c                le_param_req
 .text.bt_conn_cb_register
                0x00004cac       0x10 zephyr/subsys/bluetooth/host/libsubsys__bluetooth__host.a(conn.c.obj)
                0x00004cac                bt_conn_cb_register
 .text.conn_cleanup
                0x00004cbc       0x44 zephyr/subsys/bluetooth/host/libsubsys__bluetooth__host.a(conn.c.obj)
 .text.bt_conn_send_cb
                0x00004d00       0x88 zephyr/subsys/bluetooth/host/libsubsys__bluetooth__host.a(conn.c.obj)
                0x00004d00                bt_conn_send_cb
 .text.bt_conn_prepare_events
                0x00004d88       0x70 zephyr/subsys/bluetooth/host/libsubsys__bluetooth__host.a(conn.c.obj)
                0x00004d88                bt_conn_prepare_events
 .text.bt_conn_add_le
                0x00004df8       0x5c zephyr/subsys/bluetooth/host/libsubsys__bluetooth__host.a(conn.c.obj)
                0x00004df8                bt_conn_add_le
 .text.bt_conn_lookup_handle
                0x00004e54       0x18 zephyr/subsys/bluetooth/host/libsubsys__bluetooth__host.a(conn.c.obj)
                0x00004e54                bt_conn_lookup_handle
 .text.bt_conn_set_state
                0x00004e6c      0x154 zephyr/subsys/bluetooth/host/libsubsys__bluetooth__host.a(conn.c.obj)
                0x00004e6c                bt_conn_set_state
 .text.bt_conn_lookup_addr_le
                0x00004fc0       0x3c zephyr/subsys/bluetooth/host/libsubsys__bluetooth__host.a(conn.c.obj)
                0x00004fc0                bt_conn_lookup_addr_le
 .text.bt_conn_lookup_state_le
                0x00004ffc       0x48 zephyr/subsys/bluetooth/host/libsubsys__bluetooth__host.a(conn.c.obj)
                0x00004ffc                bt_conn_lookup_state_le
 .text.send_conn_le_param_update
                0x00005044       0x5c zephyr/subsys/bluetooth/host/libsubsys__bluetooth__host.a(conn.c.obj)
 .text.deferred_work
                0x000050a0       0x8c zephyr/subsys/bluetooth/host/libsubsys__bluetooth__host.a(conn.c.obj)
 .text.bt_conn_create_pdu_timeout
                0x0000512c       0x24 zephyr/subsys/bluetooth/host/libsubsys__bluetooth__host.a(conn.c.obj)
                0x0000512c                bt_conn_create_pdu_timeout
 .text.bt_conn_create_frag_timeout
                0x00005150        0xc zephyr/subsys/bluetooth/host/libsubsys__bluetooth__host.a(conn.c.obj)
                0x00005150                bt_conn_create_frag_timeout
 .text.create_frag.isra.0
                0x0000515c       0x6c zephyr/subsys/bluetooth/host/libsubsys__bluetooth__host.a(conn.c.obj)
 .text.bt_conn_process_tx
                0x000051c8       0xc8 zephyr/subsys/bluetooth/host/libsubsys__bluetooth__host.a(conn.c.obj)
                0x000051c8                bt_conn_process_tx
 .text.bt_conn_index
                0x00005290       0x18 zephyr/subsys/bluetooth/host/libsubsys__bluetooth__host.a(conn.c.obj)
                0x00005290                bt_conn_index
 .text.bt_conn_lookup_index
                0x000052a8       0x10 zephyr/subsys/bluetooth/host/libsubsys__bluetooth__host.a(conn.c.obj)
                0x000052a8                bt_conn_lookup_index
 .text.bt_conn_init
                0x000052b8       0x40 zephyr/subsys/bluetooth/host/libsubsys__bluetooth__host.a(conn.c.obj)
                0x000052b8                bt_conn_init
 .text.l2cap_accept
                0x000052f8       0x1c zephyr/subsys/bluetooth/host/libsubsys__bluetooth__host.a(l2cap.c.obj)
 .text.bt_l2cap_connected
                0x00005314       0xac zephyr/subsys/bluetooth/host/libsubsys__bluetooth__host.a(l2cap.c.obj)
                0x00005314                bt_l2cap_connected
 .text.bt_l2cap_update_conn_param
                0x000053c0       0x5c zephyr/subsys/bluetooth/host/libsubsys__bluetooth__host.a(l2cap.c.obj)
                0x000053c0                bt_l2cap_update_conn_param
 .text.att_cfm_sent
                0x0000541c       0x10 zephyr/subsys/bluetooth/host/libsubsys__bluetooth__host.a(att.c.obj)
 .text.att_rsp_sent
                0x0000542c       0x10 zephyr/subsys/bluetooth/host/libsubsys__bluetooth__host.a(att.c.obj)
 .text.att_req_sent
                0x0000543c       0x10 zephyr/subsys/bluetooth/host/libsubsys__bluetooth__host.a(att.c.obj)
 .text.bt_att_released
                0x0000544c       0x18 zephyr/subsys/bluetooth/host/libsubsys__bluetooth__host.a(att.c.obj)
 .text.read_group_cb
                0x00005464       0xac zephyr/subsys/bluetooth/host/libsubsys__bluetooth__host.a(att.c.obj)
 .text.read_type_cb
                0x00005510       0xa8 zephyr/subsys/bluetooth/host/libsubsys__bluetooth__host.a(att.c.obj)
 .text.chan_send
                0x000055b8       0xcc zephyr/subsys/bluetooth/host/libsubsys__bluetooth__host.a(att.c.obj)
 .text.chan_req_sent
                0x00005684       0x1c zephyr/subsys/bluetooth/host/libsubsys__bluetooth__host.a(att.c.obj)
 .text.bt_att_accept
                0x000056a0       0x98 zephyr/subsys/bluetooth/host/libsubsys__bluetooth__host.a(att.c.obj)
 .text.bt_att_chan_send_rsp.constprop.0
                0x00005738       0x24 zephyr/subsys/bluetooth/host/libsubsys__bluetooth__host.a(att.c.obj)
 .text.bt_att_connected
                0x0000575c       0x60 zephyr/subsys/bluetooth/host/libsubsys__bluetooth__host.a(att.c.obj)
 .text.att_write_cmd
                0x000057bc       0x78 zephyr/subsys/bluetooth/host/libsubsys__bluetooth__host.a(att.c.obj)
 .text.bt_att_recv
                0x00005834       0xd0 zephyr/subsys/bluetooth/host/libsubsys__bluetooth__host.a(att.c.obj)
 .text.att_write_req
                0x00005904       0xb4 zephyr/subsys/bluetooth/host/libsubsys__bluetooth__host.a(att.c.obj)
 .text.att_read_group_req
                0x000059b8      0x104 zephyr/subsys/bluetooth/host/libsubsys__bluetooth__host.a(att.c.obj)
 .text.att_read_mult_req
                0x00005abc       0x84 zephyr/subsys/bluetooth/host/libsubsys__bluetooth__host.a(att.c.obj)
 .text.att_read_rsp
                0x00005b40       0x90 zephyr/subsys/bluetooth/host/libsubsys__bluetooth__host.a(att.c.obj)
 .text.att_read_type_req
                0x00005bd0       0xc0 zephyr/subsys/bluetooth/host/libsubsys__bluetooth__host.a(att.c.obj)
 .text.att_find_type_req
                0x00005c90       0xd4 zephyr/subsys/bluetooth/host/libsubsys__bluetooth__host.a(att.c.obj)
 .text.att_find_info_req
                0x00005d64       0x70 zephyr/subsys/bluetooth/host/libsubsys__bluetooth__host.a(att.c.obj)
 .text.bt_att_req_alloc
                0x00005dd4       0x2c zephyr/subsys/bluetooth/host/libsubsys__bluetooth__host.a(att.c.obj)
                0x00005dd4                bt_att_req_alloc
 .text.bt_att_req_free
                0x00005e00       0x18 zephyr/subsys/bluetooth/host/libsubsys__bluetooth__host.a(att.c.obj)
                0x00005e00                bt_att_req_free
 .text.att_handle_rsp
                0x00005e18       0xd0 zephyr/subsys/bluetooth/host/libsubsys__bluetooth__host.a(att.c.obj)
 .text.att_reset
                0x00005ee8       0x64 zephyr/subsys/bluetooth/host/libsubsys__bluetooth__host.a(att.c.obj)
 .text.read_ppcp
                0x00005f4c       0x28 zephyr/subsys/bluetooth/host/libsubsys__bluetooth__host.a(gatt.c.obj)
 .text.find_sc_cfg
                0x00005f74       0x20 zephyr/subsys/bluetooth/host/libsubsys__bluetooth__host.a(gatt.c.obj)
 .text.find_cf_cfg
                0x00005f94       0x3c zephyr/subsys/bluetooth/host/libsubsys__bluetooth__host.a(gatt.c.obj)
 .text.sc_indicate_rsp
                0x00005fd0       0x50 zephyr/subsys/bluetooth/host/libsubsys__bluetooth__host.a(gatt.c.obj)
 .text.gatt_indicate
                0x00006020       0x8c zephyr/subsys/bluetooth/host/libsubsys__bluetooth__host.a(gatt.c.obj)
 .text.notify_cb
                0x000060ac       0xc8 zephyr/subsys/bluetooth/host/libsubsys__bluetooth__host.a(gatt.c.obj)
 .text.disconnected_cb
                0x00006174       0x9c zephyr/subsys/bluetooth/host/libsubsys__bluetooth__host.a(gatt.c.obj)
 .text.bt_gatt_init
                0x00006210       0xa4 zephyr/subsys/bluetooth/host/libsubsys__bluetooth__host.a(gatt.c.obj)
                0x00006210                bt_gatt_init
 .text.bt_gatt_attr_get_handle
                0x000062b4       0x60 zephyr/subsys/bluetooth/host/libsubsys__bluetooth__host.a(gatt.c.obj)
                0x000062b4                bt_gatt_attr_get_handle
 .text.bt_gatt_foreach_attr_type
                0x00006314       0xb4 zephyr/subsys/bluetooth/host/libsubsys__bluetooth__host.a(gatt.c.obj)
                0x00006314                bt_gatt_foreach_attr_type
 .text.db_hash_gen.isra.0
                0x000063c8       0x58 zephyr/subsys/bluetooth/host/libsubsys__bluetooth__host.a(gatt.c.obj)
 .text.bt_gatt_notify_cb
                0x00006420       0xe8 zephyr/subsys/bluetooth/host/libsubsys__bluetooth__host.a(gatt.c.obj)
                0x00006420                bt_gatt_notify_cb
 .text.bt_gatt_indicate
                0x00006508       0xf0 zephyr/subsys/bluetooth/host/libsubsys__bluetooth__host.a(gatt.c.obj)
                0x00006508                bt_gatt_indicate
 .text.sc_process
                0x000065f8       0x60 zephyr/subsys/bluetooth/host/libsubsys__bluetooth__host.a(gatt.c.obj)
 .text.update_ccc
                0x00006658       0xb0 zephyr/subsys/bluetooth/host/libsubsys__bluetooth__host.a(gatt.c.obj)
 .text.bt_gatt_connected
                0x00006708       0x20 zephyr/subsys/bluetooth/host/libsubsys__bluetooth__host.a(gatt.c.obj)
                0x00006708                bt_gatt_connected
 .text.db_hash_read
                0x00006728       0x40 zephyr/subsys/bluetooth/host/libsubsys__bluetooth__host.a(gatt.c.obj)
 .text.bt_gatt_disconnected
                0x00006768       0x54 zephyr/subsys/bluetooth/host/libsubsys__bluetooth__host.a(gatt.c.obj)
                0x00006768                bt_gatt_disconnected
 .text.bt_smp_accept
                0x000067bc       0x1c zephyr/subsys/bluetooth/host/libsubsys__bluetooth__host.a(smp_null.c.obj)
 .text.net_buf_pool_get
                0x000067d8       0x10 zephyr/subsys/net/libsubsys__net.a(buf.c.obj)
                0x000067d8                net_buf_pool_get
 .text.net_buf_id
                0x000067e8       0x20 zephyr/subsys/net/libsubsys__net.a(buf.c.obj)
                0x000067e8                net_buf_id
 .text.fixed_data_alloc
                0x00006808       0x30 zephyr/subsys/net/libsubsys__net.a(buf.c.obj)
 .text.net_buf_alloc_len
                0x00006838      0x118 zephyr/subsys/net/libsubsys__net.a(buf.c.obj)
                0x00006838                net_buf_alloc_len
 .text.net_buf_unref
                0x00006950       0x68 zephyr/subsys/net/libsubsys__net.a(buf.c.obj)
                0x00006950                net_buf_unref
 .text.gpio_nrfx_init
                0x000069b8       0x30 zephyr/drivers/gpio/libdrivers__gpio.a(gpio_nrfx.c.obj)
 .text.gpio_nrfx_config
                0x000069e8       0xc0 zephyr/drivers/gpio/libdrivers__gpio.a(gpio_nrfx.c.obj)
 .text.nrf_gpio_cfg_sense_set
                0x00006aa8       0x30 zephyr/drivers/gpio/libdrivers__gpio.a(gpio_nrfx.c.obj)
 .text.gpio_nrfx_pin_interrupt_configure
                0x00006ad8      0x1a8 zephyr/drivers/gpio/libdrivers__gpio.a(gpio_nrfx.c.obj)
 .text.gpiote_event_handler
                0x00006c80       0xbc zephyr/drivers/gpio/libdrivers__gpio.a(gpio_nrfx.c.obj)
 .text.twim_1_init
                0x00006d3c       0x34 zephyr/drivers/i2c/libdrivers__i2c.a(i2c_nrfx_twim.c.obj)
 .text.event_handler
                0x00006d70       0x34 zephyr/drivers/i2c/libdrivers__i2c.a(i2c_nrfx_twim.c.obj)
 .text.i2c_nrfx_twim_transfer
                0x00006da4      0x168 zephyr/drivers/i2c/libdrivers__i2c.a(i2c_nrfx_twim.c.obj)
 .text.vipm_nrf_1_register_callback
                0x00006f0c       0x10 zephyr/drivers/ipm/libdrivers__ipm.a(ipm_nrfx_ipc.c.obj)
 .text.vipm_nrf_init
                0x00006f1c       0x40 zephyr/drivers/ipm/libdrivers__ipm.a(ipm_nrfx_ipc.c.obj)
 .text.vipm_dispatcher
                0x00006f5c       0x48 zephyr/drivers/ipm/libdrivers__ipm.a(ipm_nrfx_ipc.c.obj)
 .text.vipm_nrf_0_send
                0x00006fa4       0x18 zephyr/drivers/ipm/libdrivers__ipm.a(ipm_nrfx_ipc.c.obj)
 .text.spi_4_init
                0x00006fbc       0x3c zephyr/drivers/spi/libdrivers__spi.a(spi_nrfx_spim.c.obj)
 .text.transfer_next_chunk
                0x00006ff8       0xc0 zephyr/drivers/spi/libdrivers__spi.a(spi_nrfx_spim.c.obj)
 .text.spi_nrfx_transceive
                0x000070b8      0x208 zephyr/drivers/spi/libdrivers__spi.a(spi_nrfx_spim.c.obj)
 .text.ft5336_init
                0x000072c0       0x3c zephyr/drivers/kscan/libdrivers__kscan.a(kscan_ft5336.c.obj)
 .text.ft5336_timer_handler
                0x000072fc       0x28 zephyr/drivers/kscan/libdrivers__kscan.a(kscan_ft5336.c.obj)
 .text.uarte_nrfx_configure
                0x00007324      0x180 zephyr/drivers/serial/libdrivers__serial.a(uart_nrfx_uarte.c.obj)
 .text.uarte_nrfx_poll_out
                0x000074a4       0xb8 zephyr/drivers/serial/libdrivers__serial.a(uart_nrfx_uarte.c.obj)
 .text.nrf_gpio_cfg_output
                0x0000755c       0x28 zephyr/drivers/serial/libdrivers__serial.a(uart_nrfx_uarte.c.obj)
 .text.nrf_gpio_pin_set
                0x00007584       0x24 zephyr/drivers/serial/libdrivers__serial.a(uart_nrfx_uarte.c.obj)
 .text.uarte_0_init
                0x000075a8       0xf0 zephyr/drivers/serial/libdrivers__serial.a(uart_nrfx_uarte.c.obj)
 .text.nrf53_errata_42
                0x00007698       0x28 modules/hal_nordic/libmodules__hal_nordic.a(system_nrf5340_application.c.obj)
 .text.SystemCoreClockUpdate
                0x000076c0       0x20 modules/hal_nordic/libmodules__hal_nordic.a(system_nrf5340_application.c.obj)
                0x000076c0                SystemCoreClockUpdate
 .text.SystemInit
                0x000076e0      0x104 modules/hal_nordic/libmodules__hal_nordic.a(system_nrf5340_application.c.obj)
                0x000076e0                SystemInit
 .text.nrfx_clock_init
                0x000077e4       0x20 modules/hal_nordic/libmodules__hal_nordic.a(nrfx_clock.c.obj)
                0x000077e4                nrfx_clock_init
 .text.nrfx_clock_start
                0x00007804       0xa8 modules/hal_nordic/libmodules__hal_nordic.a(nrfx_clock.c.obj)
                0x00007804                nrfx_clock_start
 .text.nrfx_clock_stop
                0x000078ac       0xdc modules/hal_nordic/libmodules__hal_nordic.a(nrfx_clock.c.obj)
                0x000078ac                nrfx_clock_stop
 .text.nrfx_power_clock_irq_handler
                0x00007988       0xb0 modules/hal_nordic/libmodules__hal_nordic.a(nrfx_clock.c.obj)
                0x00007988                nrfx_power_clock_irq_handler
 .text.nrfx_dppi_channel_alloc
                0x00007a38       0x38 modules/hal_nordic/libmodules__hal_nordic.a(nrfx_dppi.c.obj)
                0x00007a38                nrfx_dppi_channel_alloc
 .text.nrfx_gpiote_channel_free
                0x00007a70       0x44 modules/hal_nordic/libmodules__hal_nordic.a(nrfx_gpiote.c.obj)
                0x00007a70                nrfx_gpiote_channel_free
 .text.nrfx_gpiote_channel_alloc
                0x00007ab4       0x70 modules/hal_nordic/libmodules__hal_nordic.a(nrfx_gpiote.c.obj)
                0x00007ab4                nrfx_gpiote_channel_alloc
 .text.nrfx_ipc_init
                0x00007b24       0x30 modules/hal_nordic/libmodules__hal_nordic.a(nrfx_ipc.c.obj)
                0x00007b24                nrfx_ipc_init
 .text.nrfx_ipc_config_load
                0x00007b54       0x40 modules/hal_nordic/libmodules__hal_nordic.a(nrfx_ipc.c.obj)
                0x00007b54                nrfx_ipc_config_load
 .text.nrfx_ipc_receive_event_enable
                0x00007b94       0x10 modules/hal_nordic/libmodules__hal_nordic.a(nrfx_ipc.c.obj)
                0x00007b94                nrfx_ipc_receive_event_enable
 .text.nrfx_ipc_receive_event_disable
                0x00007ba4       0x10 modules/hal_nordic/libmodules__hal_nordic.a(nrfx_ipc.c.obj)
                0x00007ba4                nrfx_ipc_receive_event_disable
 .text.nrfx_ipc_irq_handler
                0x00007bb4       0x40 modules/hal_nordic/libmodules__hal_nordic.a(nrfx_ipc.c.obj)
                0x00007bb4                nrfx_ipc_irq_handler
 .text.nrf_gpio_pin_port_decode
                0x00007bf4       0x20 modules/hal_nordic/libmodules__hal_nordic.a(nrfx_spim.c.obj)
 .text.nrfx_spim_init
                0x00007c14      0x164 modules/hal_nordic/libmodules__hal_nordic.a(nrfx_spim.c.obj)
                0x00007c14                nrfx_spim_init
 .text.nrfx_spim_xfer
                0x00007d78      0x128 modules/hal_nordic/libmodules__hal_nordic.a(nrfx_spim.c.obj)
                0x00007d78                nrfx_spim_xfer
 .text.nrfx_spim_4_irq_handler
                0x00007ea0       0x50 modules/hal_nordic/libmodules__hal_nordic.a(nrfx_spim.c.obj)
                0x00007ea0                nrfx_spim_4_irq_handler
 .text.nrfx_twim_init
                0x00007ef0       0xb4 modules/hal_nordic/libmodules__hal_nordic.a(nrfx_twim.c.obj)
                0x00007ef0                nrfx_twim_init
 .text.nrfx_twim_enable
                0x00007fa4       0x20 modules/hal_nordic/libmodules__hal_nordic.a(nrfx_twim.c.obj)
                0x00007fa4                nrfx_twim_enable
 .text.nrfx_twim_disable
                0x00007fc4       0x38 modules/hal_nordic/libmodules__hal_nordic.a(nrfx_twim.c.obj)
                0x00007fc4                nrfx_twim_disable
 .text.nrfx_twim_xfer
                0x00007ffc      0x2ec modules/hal_nordic/libmodules__hal_nordic.a(nrfx_twim.c.obj)
                0x00007ffc                nrfx_twim_xfer
 .text.nrfx_twim_1_irq_handler
                0x000082e8      0x184 modules/hal_nordic/libmodules__hal_nordic.a(nrfx_twim.c.obj)
                0x000082e8                nrfx_twim_1_irq_handler
 .text.metal_generic_dev_open
                0x0000846c       0x40 modules/libmetal/libmetal/lib/libmetal.a(device.c.obj)
                0x0000846c                metal_generic_dev_open
 .text.metal_bus_find
                0x000084ac       0x3c modules/libmetal/libmetal/lib/libmetal.a(device.c.obj)
                0x000084ac                metal_bus_find
 .text.metal_bus_register
                0x000084e8       0x68 modules/libmetal/libmetal/lib/libmetal.a(device.c.obj)
                0x000084e8                metal_bus_register
 .text.metal_register_generic_device
                0x00008550       0x40 modules/libmetal/libmetal/lib/libmetal.a(device.c.obj)
                0x00008550                metal_register_generic_device
 .text.metal_init
                0x00008590       0x40 modules/libmetal/libmetal/lib/libmetal.a(init.c.obj)
                0x00008590                metal_init
 .text.metal_sys_init
                0x000085d0       0x10 modules/libmetal/libmetal/lib/libmetal.a(init.c.obj)
                0x000085d0                metal_sys_init
 .text.metal_zephyr_log_handler
                0x000085e0       0x3c modules/libmetal/libmetal/lib/libmetal.a(log.c.obj)
                0x000085e0                metal_zephyr_log_handler
 .text.indev_reset_check
                0x0000861c       0x1c modules/lvgl/lib..__modules__lib__gui__lvgl.a(lv_indev.c.obj)
 .text.indev_proc_reset_query_handler
                0x00008638       0x40 modules/lvgl/lib..__modules__lib__gui__lvgl.a(lv_indev.c.obj)
 .text.indev_drag_throw.part.0
                0x00008678      0x154 modules/lvgl/lib..__modules__lib__gui__lvgl.a(lv_indev.c.obj)
 .text.lv_indev_reset.part.0
                0x000087cc       0x40 modules/lvgl/lib..__modules__lib__gui__lvgl.a(lv_indev.c.obj)
 .text.indev_proc_release
                0x0000880c      0x158 modules/lvgl/lib..__modules__lib__gui__lvgl.a(lv_indev.c.obj)
 .text.lv_indev_get_act
                0x00008964        0xc modules/lvgl/lib..__modules__lib__gui__lvgl.a(lv_indev.c.obj)
                0x00008964                lv_indev_get_act
 .text.lv_indev_reset
                0x00008970       0x3c modules/lvgl/lib..__modules__lib__gui__lvgl.a(lv_indev.c.obj)
                0x00008970                lv_indev_reset
 .text.indev_proc_press
                0x000089ac      0x6d4 modules/lvgl/lib..__modules__lib__gui__lvgl.a(lv_indev.c.obj)
 .text._lv_indev_read_task
                0x00009080       0xe4 modules/lvgl/lib..__modules__lib__gui__lvgl.a(lv_indev.c.obj)
                0x00009080                _lv_indev_read_task
 .text.style_prop_is_cacheble
                0x00009164      0x11c modules/lvgl/lib..__modules__lib__gui__lvgl.a(lv_obj.c.obj)
 .text.lv_init  0x00009280       0x78 modules/lvgl/lib..__modules__lib__gui__lvgl.a(lv_obj.c.obj)
                0x00009280                lv_init
 .text.lv_event_send_func
                0x000092f8       0x88 modules/lvgl/lib..__modules__lib__gui__lvgl.a(lv_obj.c.obj)
                0x000092f8                lv_event_send_func
 .text.lv_obj_get_disp
                0x00009380       0x4c modules/lvgl/lib..__modules__lib__gui__lvgl.a(lv_obj.c.obj)
                0x00009380                lv_obj_get_disp
 .text.lv_obj_create
                0x000093cc      0x2bc modules/lvgl/lib..__modules__lib__gui__lvgl.a(lv_obj.c.obj)
                0x000093cc                lv_obj_create
 .text.trans_del
                0x00009688       0x74 modules/lvgl/lib..__modules__lib__gui__lvgl.a(lv_obj.c.obj)
 .text.obj_del_core
                0x000096fc       0xa8 modules/lvgl/lib..__modules__lib__gui__lvgl.a(lv_obj.c.obj)
 .text.trans_anim_ready_cb
                0x000097a4       0x64 modules/lvgl/lib..__modules__lib__gui__lvgl.a(lv_obj.c.obj)
 .text._lv_obj_get_style_int
                0x00009808      0x1f8 modules/lvgl/lib..__modules__lib__gui__lvgl.a(lv_obj.c.obj)
                0x00009808                _lv_obj_get_style_int
 .text.update_style_cache
                0x00009a00      0x2b4 modules/lvgl/lib..__modules__lib__gui__lvgl.a(lv_obj.c.obj)
 .text._lv_obj_get_style_ptr
                0x00009cb4       0xc4 modules/lvgl/lib..__modules__lib__gui__lvgl.a(lv_obj.c.obj)
                0x00009cb4                _lv_obj_get_style_ptr
 .text.lv_obj_refresh_style
                0x00009d78      0x104 modules/lvgl/lib..__modules__lib__gui__lvgl.a(lv_obj.c.obj)
                0x00009d78                lv_obj_refresh_style
 .text.lv_obj_set_state
                0x00009e7c      0x514 modules/lvgl/lib..__modules__lib__gui__lvgl.a(lv_obj.c.obj)
                0x00009e7c                lv_obj_set_state
 .text.lv_obj_signal
                0x0000a390       0xa8 modules/lvgl/lib..__modules__lib__gui__lvgl.a(lv_obj.c.obj)
 .text.lv_refr_vdb_flush
                0x0000a438       0x6c modules/lvgl/lib..__modules__lib__gui__lvgl.a(lv_refr.c.obj)
 .text.lv_refr_obj_and_children
                0x0000a4a4       0x5c modules/lvgl/lib..__modules__lib__gui__lvgl.a(lv_refr.c.obj)
 .text.lv_refr_area_part
                0x0000a500      0x120 modules/lvgl/lib..__modules__lib__gui__lvgl.a(lv_refr.c.obj)
 .text._lv_refr_get_disp_refreshing
                0x0000a620        0xc modules/lvgl/lib..__modules__lib__gui__lvgl.a(lv_refr.c.obj)
                0x0000a620                _lv_refr_get_disp_refreshing
 .text._lv_disp_refr_task
                0x0000a62c      0x434 modules/lvgl/lib..__modules__lib__gui__lvgl.a(lv_refr.c.obj)
                0x0000a62c                _lv_disp_refr_task
 .text.lv_img_cf_get_px_size
                0x0000aa60       0x14 modules/lvgl/lib..__modules__lib__gui__lvgl.a(lv_draw_img.c.obj)
                0x0000aa60                lv_img_cf_get_px_size
 .text.lv_draw_img
                0x0000aa74      0x1b0 modules/lvgl/lib..__modules__lib__gui__lvgl.a(lv_draw_img.c.obj)
                0x0000aa74                lv_draw_img
 .text.lv_draw_label_dsc_init
                0x0000ac24       0x30 modules/lvgl/lib..__modules__lib__gui__lvgl.a(lv_draw_label.c.obj)
                0x0000ac24                lv_draw_label_dsc_init
 .text.lv_draw_label
                0x0000ac54      0x8a4 modules/lvgl/lib..__modules__lib__gui__lvgl.a(lv_draw_label.c.obj)
                0x0000ac54                lv_draw_label
 .text.lv_draw_line
                0x0000b4f8      0x7f0 modules/lvgl/lib..__modules__lib__gui__lvgl.a(lv_draw_line.c.obj)
                0x0000b4f8                lv_draw_line
 .text.lv_draw_mask_add
                0x0000bce8       0x2c modules/lvgl/lib..__modules__lib__gui__lvgl.a(lv_draw_mask.c.obj)
                0x0000bce8                lv_draw_mask_add
 .text.lv_draw_mask_apply
                0x0000bd14       0x44 modules/lvgl/lib..__modules__lib__gui__lvgl.a(lv_draw_mask.c.obj)
                0x0000bd14                lv_draw_mask_apply
 .text.lv_draw_mask_remove_id
                0x0000bd58       0x24 modules/lvgl/lib..__modules__lib__gui__lvgl.a(lv_draw_mask.c.obj)
                0x0000bd58                lv_draw_mask_remove_id
 .text.lv_draw_mask_remove_custom
                0x0000bd7c       0x28 modules/lvgl/lib..__modules__lib__gui__lvgl.a(lv_draw_mask.c.obj)
                0x0000bd7c                lv_draw_mask_remove_custom
 .text.lv_draw_mask_get_cnt
                0x0000bda4       0x1c modules/lvgl/lib..__modules__lib__gui__lvgl.a(lv_draw_mask.c.obj)
                0x0000bda4                lv_draw_mask_get_cnt
 .text.lv_draw_mask_line_points_init
                0x0000bdc0      0x108 modules/lvgl/lib..__modules__lib__gui__lvgl.a(lv_draw_mask.c.obj)
                0x0000bdc0                lv_draw_mask_line_points_init
 .text.lv_draw_mask_radius_init
                0x0000bec8       0x54 modules/lvgl/lib..__modules__lib__gui__lvgl.a(lv_draw_mask.c.obj)
                0x0000bec8                lv_draw_mask_radius_init
 .text.lv_draw_rect_dsc_init
                0x0000bf1c       0x48 modules/lvgl/lib..__modules__lib__gui__lvgl.a(lv_draw_rect.c.obj)
                0x0000bf1c                lv_draw_rect_dsc_init
 .text._lv_img_cache_open
                0x0000bf64      0x124 modules/lvgl/lib..__modules__lib__gui__lvgl.a(lv_img_cache.c.obj)
                0x0000bf64                _lv_img_cache_open
 .text.lv_img_cache_invalidate_src
                0x0000c088       0x54 modules/lvgl/lib..__modules__lib__gui__lvgl.a(lv_img_cache.c.obj)
                0x0000c088                lv_img_cache_invalidate_src
 .text.lv_img_cache_set_size
                0x0000c0dc       0x5c modules/lvgl/lib..__modules__lib__gui__lvgl.a(lv_img_cache.c.obj)
                0x0000c0dc                lv_img_cache_set_size
 .text.lv_img_decoder_built_in_read_line
                0x0000c138      0x274 modules/lvgl/lib..__modules__lib__gui__lvgl.a(lv_img_decoder.c.obj)
                0x0000c138                lv_img_decoder_built_in_read_line
 .text.lv_img_decoder_built_in_info
                0x0000c3ac       0x5c modules/lvgl/lib..__modules__lib__gui__lvgl.a(lv_img_decoder.c.obj)
                0x0000c3ac                lv_img_decoder_built_in_info
 .text.lv_img_decoder_get_info
                0x0000c408       0x48 modules/lvgl/lib..__modules__lib__gui__lvgl.a(lv_img_decoder.c.obj)
                0x0000c408                lv_img_decoder_get_info
 .text.lv_img_decoder_open
                0x0000c450       0x8c modules/lvgl/lib..__modules__lib__gui__lvgl.a(lv_img_decoder.c.obj)
                0x0000c450                lv_img_decoder_open
 .text.lv_img_decoder_create
                0x0000c4dc       0x1c modules/lvgl/lib..__modules__lib__gui__lvgl.a(lv_img_decoder.c.obj)
                0x0000c4dc                lv_img_decoder_create
 .text._lv_img_decoder_init
                0x0000c4f8       0x38 modules/lvgl/lib..__modules__lib__gui__lvgl.a(lv_img_decoder.c.obj)
                0x0000c4f8                _lv_img_decoder_init
 .text.lv_disp_drv_init
                0x0000c530       0x38 modules/lvgl/lib..__modules__lib__gui__lvgl.a(lv_hal_disp.c.obj)
                0x0000c530                lv_disp_drv_init
 .text.lv_disp_get_default
                0x0000c568        0xc modules/lvgl/lib..__modules__lib__gui__lvgl.a(lv_hal_disp.c.obj)
                0x0000c568                lv_disp_get_default
 .text.lv_disp_get_hor_res
                0x0000c574       0x24 modules/lvgl/lib..__modules__lib__gui__lvgl.a(lv_hal_disp.c.obj)
                0x0000c574                lv_disp_get_hor_res
 .text.lv_disp_get_ver_res
                0x0000c598       0x20 modules/lvgl/lib..__modules__lib__gui__lvgl.a(lv_hal_disp.c.obj)
                0x0000c598                lv_disp_get_ver_res
 .text.lv_disp_get_dpi
                0x0000c5b8       0x18 modules/lvgl/lib..__modules__lib__gui__lvgl.a(lv_hal_disp.c.obj)
                0x0000c5b8                lv_disp_get_dpi
 .text.lv_disp_get_size_category
                0x0000c5d0       0x48 modules/lvgl/lib..__modules__lib__gui__lvgl.a(lv_hal_disp.c.obj)
                0x0000c5d0                lv_disp_get_size_category
 .text.lv_disp_get_next
                0x0000c618       0x14 modules/lvgl/lib..__modules__lib__gui__lvgl.a(lv_hal_disp.c.obj)
                0x0000c618                lv_disp_get_next
 .text.lv_disp_drv_register
                0x0000c62c       0xd8 modules/lvgl/lib..__modules__lib__gui__lvgl.a(lv_hal_disp.c.obj)
                0x0000c62c                lv_disp_drv_register
 .text.lv_indev_drv_init
                0x0000c704       0x20 modules/lvgl/lib..__modules__lib__gui__lvgl.a(lv_hal_indev.c.obj)
                0x0000c704                lv_indev_drv_init
 .text.lv_indev_drv_register
                0x0000c724       0x6c modules/lvgl/lib..__modules__lib__gui__lvgl.a(lv_hal_indev.c.obj)
                0x0000c724                lv_indev_drv_register
 .text.lv_indev_get_next
                0x0000c790       0x14 modules/lvgl/lib..__modules__lib__gui__lvgl.a(lv_hal_indev.c.obj)
                0x0000c790                lv_indev_get_next
 .text.anim_mark_list_change
                0x0000c7a4       0x30 modules/lvgl/lib..__modules__lib__gui__lvgl.a(lv_anim.c.obj)
 .text.anim_task
                0x0000c7d4      0x164 modules/lvgl/lib..__modules__lib__gui__lvgl.a(lv_anim.c.obj)
 .text._lv_anim_core_init
                0x0000c938       0x44 modules/lvgl/lib..__modules__lib__gui__lvgl.a(lv_anim.c.obj)
                0x0000c938                _lv_anim_core_init
 .text.lv_anim_init
                0x0000c97c       0x38 modules/lvgl/lib..__modules__lib__gui__lvgl.a(lv_anim.c.obj)
                0x0000c97c                lv_anim_init
 .text.lv_anim_del
                0x0000c9b4       0x58 modules/lvgl/lib..__modules__lib__gui__lvgl.a(lv_anim.c.obj)
                0x0000c9b4                lv_anim_del
 .text.lv_anim_start
                0x0000ca0c       0x60 modules/lvgl/lib..__modules__lib__gui__lvgl.a(lv_anim.c.obj)
                0x0000ca0c                lv_anim_start
 .text.lv_anim_get
                0x0000ca6c       0x2c modules/lvgl/lib..__modules__lib__gui__lvgl.a(lv_anim.c.obj)
                0x0000ca6c                lv_anim_get
 .text.lv_mem_alloc
                0x0000ca98       0x28 modules/lvgl/lib..__modules__lib__gui__lvgl.a(lv_mem.c.obj)
                0x0000ca98                lv_mem_alloc
 .text.lv_mem_free
                0x0000cac0       0x20 modules/lvgl/lib..__modules__lib__gui__lvgl.a(lv_mem.c.obj)
                0x0000cac0                lv_mem_free
 .text._lv_mem_get_size
                0x0000cae0       0x1c modules/lvgl/lib..__modules__lib__gui__lvgl.a(lv_mem.c.obj)
                0x0000cae0                _lv_mem_get_size
 .text._lv_mem_buf_get
                0x0000cafc       0xc4 modules/lvgl/lib..__modules__lib__gui__lvgl.a(lv_mem.c.obj)
                0x0000cafc                _lv_mem_buf_get
 .text._lv_mem_buf_release
                0x0000cbc0       0x50 modules/lvgl/lib..__modules__lib__gui__lvgl.a(lv_mem.c.obj)
                0x0000cbc0                _lv_mem_buf_release
 .text._lv_mem_buf_free_all
                0x0000cc10       0x48 modules/lvgl/lib..__modules__lib__gui__lvgl.a(lv_mem.c.obj)
                0x0000cc10                _lv_mem_buf_free_all
 .text._lv_task_core_init
                0x0000cc58       0x24 modules/lvgl/lib..__modules__lib__gui__lvgl.a(lv_task.c.obj)
                0x0000cc58                _lv_task_core_init
 .text.lv_task_create_basic
                0x0000cc7c       0x80 modules/lvgl/lib..__modules__lib__gui__lvgl.a(lv_task.c.obj)
                0x0000cc7c                lv_task_create_basic
 .text.lv_task_del
                0x0000ccfc       0x38 modules/lvgl/lib..__modules__lib__gui__lvgl.a(lv_task.c.obj)
                0x0000ccfc                lv_task_del
 .text.lv_task_exec
                0x0000cd34       0x58 modules/lvgl/lib..__modules__lib__gui__lvgl.a(lv_task.c.obj)
 .text.lv_task_handler
                0x0000cd8c      0x184 modules/lvgl/lib..__modules__lib__gui__lvgl.a(lv_task.c.obj)
                0x0000cd8c                lv_task_handler
 .text.lv_task_set_prio
                0x0000cf10       0x58 modules/lvgl/lib..__modules__lib__gui__lvgl.a(lv_task.c.obj)
                0x0000cf10                lv_task_set_prio
 .text._lv_txt_get_width
                0x0000cf68       0xa4 modules/lvgl/lib..__modules__lib__gui__lvgl.a(lv_txt.c.obj)
                0x0000cf68                _lv_txt_get_width
 .text._lv_txt_get_next_line
                0x0000d00c      0x1c8 modules/lvgl/lib..__modules__lib__gui__lvgl.a(lv_txt.c.obj)
                0x0000d00c                _lv_txt_get_next_line
 .text.get_glyph_dsc_id.isra.0.part.0
                0x0000d1d4       0xc0 modules/lvgl/lib..__modules__lib__gui__lvgl.a(lv_font_fmt_txt.c.obj)
 .text.lv_font_get_glyph_dsc_fmt_txt
                0x0000d294      0x14c modules/lvgl/lib..__modules__lib__gui__lvgl.a(lv_font_fmt_txt.c.obj)
                0x0000d294                lv_font_get_glyph_dsc_fmt_txt
 .text._lv_font_clean_up_fmt_txt
                0x0000d3e0       0x18 modules/lvgl/lib..__modules__lib__gui__lvgl.a(lv_font_fmt_txt.c.obj)
                0x0000d3e0                _lv_font_clean_up_fmt_txt
 .text.apply_theme
                0x0000d3f8       0x38 modules/lvgl/lib..__modules__lib__gui__lvgl.a(lv_theme.c.obj)
 .text.lv_theme_set_act
                0x0000d430        0xc modules/lvgl/lib..__modules__lib__gui__lvgl.a(lv_theme.c.obj)
                0x0000d430                lv_theme_set_act
 .text.lv_theme_apply
                0x0000d43c       0x3c modules/lvgl/lib..__modules__lib__gui__lvgl.a(lv_theme.c.obj)
                0x0000d43c                lv_theme_apply
 .text.lv_theme_get_font_normal
                0x0000d478        0xc modules/lvgl/lib..__modules__lib__gui__lvgl.a(lv_theme.c.obj)
                0x0000d478                lv_theme_get_font_normal
 .text.theme_apply
                0x0000d484       0x84 modules/lvgl/lib..__modules__lib__gui__lvgl.a(lv_theme_material.c.obj)
 .text.style_init_reset
                0x0000d508       0x14 modules/lvgl/lib..__modules__lib__gui__lvgl.a(lv_theme_material.c.obj)
 .text.lv_theme_material_init
                0x0000d51c     0x1188 modules/lvgl/lib..__modules__lib__gui__lvgl.a(lv_theme_material.c.obj)
                0x0000d51c                lv_theme_material_init
 .text.lv_btn_design
                0x0000e6a4       0x28 modules/lvgl/lib..__modules__lib__gui__lvgl.a(lv_btn.c.obj)
 .text.lv_btn_create
                0x0000e6cc       0xac modules/lvgl/lib..__modules__lib__gui__lvgl.a(lv_btn.c.obj)
                0x0000e6cc                lv_btn_create
 .text.lv_btn_signal
                0x0000e778       0x84 modules/lvgl/lib..__modules__lib__gui__lvgl.a(lv_btn.c.obj)
 .text.lv_cont_refr_autofit
                0x0000e7fc      0x358 modules/lvgl/lib..__modules__lib__gui__lvgl.a(lv_cont.c.obj)
 .text.lv_cont_create
                0x0000eb54       0xc4 modules/lvgl/lib..__modules__lib__gui__lvgl.a(lv_cont.c.obj)
                0x0000eb54                lv_cont_create
 .text.lv_cont_signal
                0x0000ec18       0xa8 modules/lvgl/lib..__modules__lib__gui__lvgl.a(lv_cont.c.obj)
 .text.lv_img_create
                0x0000ecc0      0x10c modules/lvgl/lib..__modules__lib__gui__lvgl.a(lv_img.c.obj)
                0x0000ecc0                lv_img_create
 .text.lv_img_signal
                0x0000edcc      0x29c modules/lvgl/lib..__modules__lib__gui__lvgl.a(lv_img.c.obj)
 .text.lv_label_revert_dots
                0x0000f068       0x74 modules/lvgl/lib..__modules__lib__gui__lvgl.a(lv_label.c.obj)
 .text.lv_label_get_letter_on
                0x0000f0dc      0x230 modules/lvgl/lib..__modules__lib__gui__lvgl.a(lv_label.c.obj)
                0x0000f0dc                lv_label_get_letter_on
 .text.lv_label_refr_text
                0x0000f30c      0x484 modules/lvgl/lib..__modules__lib__gui__lvgl.a(lv_label.c.obj)
 .text.lv_label_set_long_mode
                0x0000f790       0x84 modules/lvgl/lib..__modules__lib__gui__lvgl.a(lv_label.c.obj)
                0x0000f790                lv_label_set_long_mode
 .text.lv_label_create
                0x0000f814      0x168 modules/lvgl/lib..__modules__lib__gui__lvgl.a(lv_label.c.obj)
                0x0000f814                lv_label_create
 .text.lv_label_signal
                0x0000f97c       0xc0 modules/lvgl/lib..__modules__lib__gui__lvgl.a(lv_label.c.obj)
 .text.virtio_create_virtqueues
                0x0000fa3c       0xa0 modules/open-amp/open-amp/lib/libopen_amp.a(virtio.c.obj)
                0x0000fa3c                virtio_create_virtqueues
 .text.virtqueue_add_consumed_buffer
                0x0000fadc       0x38 modules/open-amp/open-amp/lib/libopen_amp.a(virtqueue.c.obj)
                0x0000fadc                virtqueue_add_consumed_buffer
 .text.rpmsg_send_offchannel_raw
                0x0000fb14       0x24 modules/open-amp/open-amp/lib/libopen_amp.a(rpmsg.c.obj)
                0x0000fb14                rpmsg_send_offchannel_raw
 .text.rpmsg_create_ept
                0x0000fb38       0xfc modules/open-amp/open-amp/lib/libopen_amp.a(rpmsg.c.obj)
                0x0000fb38                rpmsg_create_ept
 .text.rpmsg_virtio_send_offchannel_raw
                0x0000fc34      0x178 modules/open-amp/open-amp/lib/libopen_amp.a(rpmsg_virtio.c.obj)
 .text.rpmsg_init_vdev
                0x0000fdac      0x1c4 modules/open-amp/open-amp/lib/libopen_amp.a(rpmsg_virtio.c.obj)
                0x0000fdac                rpmsg_init_vdev
 .text.z_sys_init_run_level
                0x0000ff70       0x50 zephyr/kernel/libkernel.a(device.c.obj)
                0x0000ff70                z_sys_init_run_level
 .text.z_device_ready
                0x0000ffc0       0x2c zephyr/kernel/libkernel.a(device.c.obj)
                0x0000ffc0                z_device_ready
 .text.z_impl_device_get_binding
                0x0000ffec       0x50 zephyr/kernel/libkernel.a(device.c.obj)
                0x0000ffec                z_impl_device_get_binding
 .text.idle     0x0001003c       0x60 zephyr/kernel/libkernel.a(idle.c.obj)
                0x0001003c                idle
 .text.z_bss_zero
                0x0001009c       0x14 zephyr/kernel/libkernel.a(init.c.obj)
                0x0001009c                z_bss_zero
 .text.bg_thread_main
                0x000100b0       0x34 zephyr/kernel/libkernel.a(init.c.obj)
 .text.z_cstart
                0x000100e4      0x100 zephyr/kernel/libkernel.a(init.c.obj)
                0x000100e4                z_cstart
 .text.statics_init
                0x000101e4       0x24 zephyr/kernel/libkernel.a(kheap.c.obj)
 .text.init_mem_slab_module
                0x00010208       0x44 zephyr/kernel/libkernel.a(mem_slab.c.obj)
 .text.k_mem_slab_alloc
                0x0001024c       0x64 zephyr/kernel/libkernel.a(mem_slab.c.obj)
                0x0001024c                k_mem_slab_alloc
 .text.k_mem_slab_free
                0x000102b0       0x58 zephyr/kernel/libkernel.a(mem_slab.c.obj)
                0x000102b0                k_mem_slab_free
 .text.z_impl_k_msgq_put
                0x00010308       0xa8 zephyr/kernel/libkernel.a(msg_q.c.obj)
                0x00010308                z_impl_k_msgq_put
 .text.z_impl_k_msgq_get
                0x000103b0       0xc0 zephyr/kernel/libkernel.a(msg_q.c.obj)
                0x000103b0                z_impl_k_msgq_get
 .text.z_impl_k_mutex_lock
                0x00010470       0xf0 zephyr/kernel/libkernel.a(mutex.c.obj)
                0x00010470                z_impl_k_mutex_lock
 .text.z_impl_k_mutex_unlock
                0x00010560       0x90 zephyr/kernel/libkernel.a(mutex.c.obj)
                0x00010560                z_impl_k_mutex_unlock
 .text.z_impl_k_queue_get
                0x000105f0       0x68 zephyr/kernel/libkernel.a(queue.c.obj)
                0x000105f0                z_impl_k_queue_get
 .text.z_reset_time_slice
                0x00010658       0x2c zephyr/kernel/libkernel.a(sched.c.obj)
                0x00010658                z_reset_time_slice
 .text.k_sched_time_slice_set
                0x00010684       0x58 zephyr/kernel/libkernel.a(sched.c.obj)
                0x00010684                k_sched_time_slice_set
 .text.z_reschedule
                0x000106dc       0x24 zephyr/kernel/libkernel.a(sched.c.obj)
                0x000106dc                z_reschedule
 .text.k_sched_lock
                0x00010700       0x28 zephyr/kernel/libkernel.a(sched.c.obj)
                0x00010700                k_sched_lock
 .text.z_priq_dumb_remove
                0x00010728       0x2c zephyr/kernel/libkernel.a(sched.c.obj)
                0x00010728                z_priq_dumb_remove
 .text.update_cache
                0x00010754       0x50 zephyr/kernel/libkernel.a(sched.c.obj)
 .text.k_sched_unlock
                0x000107a4       0x38 zephyr/kernel/libkernel.a(sched.c.obj)
                0x000107a4                k_sched_unlock
 .text.ready_thread
                0x000107dc       0x70 zephyr/kernel/libkernel.a(sched.c.obj)
 .text.z_sched_start
                0x0001084c       0x3c zephyr/kernel/libkernel.a(sched.c.obj)
                0x0001084c                z_sched_start
 .text.move_thread_to_end_of_prio_q
                0x00010888       0x74 zephyr/kernel/libkernel.a(sched.c.obj)
 .text.z_time_slice
                0x000108fc       0x84 zephyr/kernel/libkernel.a(sched.c.obj)
                0x000108fc                z_time_slice
 .text.z_impl_k_thread_suspend
                0x00010980       0x68 zephyr/kernel/libkernel.a(sched.c.obj)
                0x00010980                z_impl_k_thread_suspend
 .text.z_thread_single_abort
                0x000109e8      0x104 zephyr/kernel/libkernel.a(sched.c.obj)
                0x000109e8                z_thread_single_abort
 .text.unready_thread
                0x00010aec       0x34 zephyr/kernel/libkernel.a(sched.c.obj)
 .text.pend     0x00010b20       0x4c zephyr/kernel/libkernel.a(sched.c.obj)
 .text.z_pend_curr
                0x00010b6c       0x28 zephyr/kernel/libkernel.a(sched.c.obj)
                0x00010b6c                z_pend_curr
 .text.z_tick_sleep.part.0
                0x00010b94       0x74 zephyr/kernel/libkernel.a(sched.c.obj)
 .text.z_set_prio
                0x00010c08       0x88 zephyr/kernel/libkernel.a(sched.c.obj)
                0x00010c08                z_set_prio
 .text.z_sched_init
                0x00010c90       0x18 zephyr/kernel/libkernel.a(sched.c.obj)
                0x00010c90                z_sched_init
 .text.z_impl_k_yield
                0x00010ca8       0x9c zephyr/kernel/libkernel.a(sched.c.obj)
                0x00010ca8                z_impl_k_yield
 .text.z_impl_k_sleep
                0x00010d44       0x44 zephyr/kernel/libkernel.a(sched.c.obj)
                0x00010d44                z_impl_k_sleep
 .text.z_impl_k_current_get
                0x00010d88        0xc zephyr/kernel/libkernel.a(sched.c.obj)
                0x00010d88                z_impl_k_current_get
 .text.z_impl_k_sem_give
                0x00010d94       0x4c zephyr/kernel/libkernel.a(sem.c.obj)
                0x00010d94                z_impl_k_sem_give
 .text.z_impl_k_sem_take
                0x00010de0       0x54 zephyr/kernel/libkernel.a(sem.c.obj)
                0x00010de0                z_impl_k_sem_take
 .text.k_sys_work_q_init
                0x00010e34       0x30 zephyr/kernel/libkernel.a(system_work_q.c.obj)
 .text.z_setup_new_thread
                0x00010e64       0x60 zephyr/kernel/libkernel.a(thread.c.obj)
                0x00010e64                z_setup_new_thread
 .text.z_impl_k_thread_create
                0x00010ec4       0x58 zephyr/kernel/libkernel.a(thread.c.obj)
                0x00010ec4                z_impl_k_thread_create
 .text.z_init_static_threads
                0x00010f1c       0xbc zephyr/kernel/libkernel.a(thread.c.obj)
                0x00010f1c                z_init_static_threads
 .text.z_self_abort
                0x00010fd8       0x28 zephyr/kernel/libkernel.a(thread_abort.c.obj)
                0x00010fd8                z_self_abort
 .text.k_work_q_start
                0x00011000       0x4c zephyr/kernel/libkernel.a(work_q.c.obj)
                0x00011000                k_work_q_start
 .text.k_delayed_work_submit_to_queue
                0x0001104c       0x80 zephyr/kernel/libkernel.a(work_q.c.obj)
                0x0001104c                k_delayed_work_submit_to_queue
 .text.boot_banner
                0x000110cc       0x18 zephyr/kernel/libkernel.a(banner.c.obj)
                0x000110cc                boot_banner
 .text.z_data_copy
                0x000110e4       0x34 zephyr/kernel/libkernel.a(xip.c.obj)
                0x000110e4                z_data_copy
 .text.elapsed  0x00011118       0x14 zephyr/kernel/libkernel.a(timeout.c.obj)
 .text.remove_timeout
                0x0001112c       0x34 zephyr/kernel/libkernel.a(timeout.c.obj)
 .text.next_timeout
                0x00011160       0x58 zephyr/kernel/libkernel.a(timeout.c.obj)
 .text.z_add_timeout
                0x000111b8      0x11c zephyr/kernel/libkernel.a(timeout.c.obj)
                0x000111b8                z_add_timeout
 .text.z_clock_announce
                0x000112d4       0xd4 zephyr/kernel/libkernel.a(timeout.c.obj)
                0x000112d4                z_clock_announce
 .text.z_tick_get
                0x000113a8       0x34 zephyr/kernel/libkernel.a(timeout.c.obj)
                0x000113a8                z_tick_get
 .text.z_timer_expiration_handler
                0x000113dc       0x4c zephyr/kernel/libkernel.a(timer.c.obj)
                0x000113dc                z_timer_expiration_handler
 .text.z_impl_k_timer_start
                0x00011428       0xb8 zephyr/kernel/libkernel.a(timer.c.obj)
                0x00011428                z_impl_k_timer_start
 .text.z_impl_k_poll
                0x000114e0       0xb8 zephyr/kernel/libkernel.a(poll.c.obj)
                0x000114e0                z_impl_k_poll
 .text.z_impl_k_poll_signal_raise
                0x00011598       0x50 zephyr/kernel/libkernel.a(poll.c.obj)
                0x00011598                z_impl_k_poll_signal_raise
 .text.k_aligned_alloc
                0x000115e8       0x10 zephyr/kernel/libkernel.a(mempool.c.obj)
                0x000115e8                k_aligned_alloc
 .text.z_thread_aligned_alloc
                0x000115f8       0x30 zephyr/kernel/libkernel.a(mempool.c.obj)
                0x000115f8                z_thread_aligned_alloc
 .text.nrf_cc3xx_platform_init_no_rng
                0x00011628       0x38 C:/Users/pulcher/ncs/v1.5.0/nrfxlib/crypto/nrf_cc312_platform/lib/cortex-m33/soft-float/no-interrupts/libnrf_cc312_platform_0.9.7.a(nrf_cc3xx_platform.c.obj)
                0x00011628                nrf_cc3xx_platform_init_no_rng
 .text.nrf_cc3xx_platform_abort
                0x00011660       0x24 C:/Users/pulcher/ncs/v1.5.0/nrfxlib/crypto/nrf_cc312_platform/lib/cortex-m33/soft-float/no-interrupts/libnrf_cc312_platform_0.9.7.a(nrf_cc3xx_platform_abort.c.obj)
 .text.CC_PalAbort
                0x00011684       0x40 C:/Users/pulcher/ncs/v1.5.0/nrfxlib/crypto/nrf_cc312_platform/lib/cortex-m33/soft-float/no-interrupts/libnrf_cc312_platform_0.9.7.a(nrf_cc3xx_platform_abort.c.obj)
                0x00011684                CC_PalAbort
 .text.nrf_cc3xx_platform_set_abort
                0x000116c4       0x10 C:/Users/pulcher/ncs/v1.5.0/nrfxlib/crypto/nrf_cc312_platform/lib/cortex-m33/soft-float/no-interrupts/libnrf_cc312_platform_0.9.7.a(nrf_cc3xx_platform_abort.c.obj)
                0x000116c4                nrf_cc3xx_platform_set_abort
 .text.mutex_unlock
                0x000116d4       0x20 C:/Users/pulcher/ncs/v1.5.0/nrfxlib/crypto/nrf_cc312_platform/lib/cortex-m33/soft-float/no-interrupts/libnrf_cc312_platform_0.9.7.a(nrf_cc3xx_platform_mutex.c.obj)
 .text.mutex_free
                0x000116f4       0x24 C:/Users/pulcher/ncs/v1.5.0/nrfxlib/crypto/nrf_cc312_platform/lib/cortex-m33/soft-float/no-interrupts/libnrf_cc312_platform_0.9.7.a(nrf_cc3xx_platform_mutex.c.obj)
 .text.mutex_init
                0x00011718       0x20 C:/Users/pulcher/ncs/v1.5.0/nrfxlib/crypto/nrf_cc312_platform/lib/cortex-m33/soft-float/no-interrupts/libnrf_cc312_platform_0.9.7.a(nrf_cc3xx_platform_mutex.c.obj)
 .text.mutex_lock
                0x00011738       0x30 C:/Users/pulcher/ncs/v1.5.0/nrfxlib/crypto/nrf_cc312_platform/lib/cortex-m33/soft-float/no-interrupts/libnrf_cc312_platform_0.9.7.a(nrf_cc3xx_platform_mutex.c.obj)
 .text.nrf_cc3xx_platform_set_mutexes
                0x00011768       0x38 C:/Users/pulcher/ncs/v1.5.0/nrfxlib/crypto/nrf_cc312_platform/lib/cortex-m33/soft-float/no-interrupts/libnrf_cc312_platform_0.9.7.a(nrf_cc3xx_platform_mutex.c.obj)
                0x00011768                nrf_cc3xx_platform_set_mutexes
 .text.CC_LibInitNoRng
                0x000117a0       0x24 C:/Users/pulcher/ncs/v1.5.0/nrfxlib/crypto/nrf_cc312_platform/lib/cortex-m33/soft-float/no-interrupts/libnrf_cc312_platform_0.9.7.a(cc_lib.c.obj)
                0x000117a0                CC_LibInitNoRng
 .text.CC_HalInit
                0x000117c4        0x4 C:/Users/pulcher/ncs/v1.5.0/nrfxlib/crypto/nrf_cc312_platform/lib/cortex-m33/soft-float/no-interrupts/libnrf_cc312_platform_0.9.7.a(cc_hal.c.obj)
                0x000117c4                CC_HalInit
 .text.CC_PalInit
                0x000117c8       0x5c C:/Users/pulcher/ncs/v1.5.0/nrfxlib/crypto/nrf_cc312_platform/lib/cortex-m33/soft-float/no-interrupts/libnrf_cc312_platform_0.9.7.a(cc_pal.c.obj)
                0x000117c8                CC_PalInit
 .text.CC_PalTerminate
                0x00011824       0x34 C:/Users/pulcher/ncs/v1.5.0/nrfxlib/crypto/nrf_cc312_platform/lib/cortex-m33/soft-float/no-interrupts/libnrf_cc312_platform_0.9.7.a(cc_pal.c.obj)
                0x00011824                CC_PalTerminate
 .text.CC_PalDmaInit
                0x00011858        0x4 C:/Users/pulcher/ncs/v1.5.0/nrfxlib/crypto/nrf_cc312_platform/lib/cortex-m33/soft-float/no-interrupts/libnrf_cc312_platform_0.9.7.a(cc_pal_dma.c.obj)
                0x00011858                CC_PalDmaInit
 .text.CC_PalDmaTerminate
                0x0001185c        0x4 C:/Users/pulcher/ncs/v1.5.0/nrfxlib/crypto/nrf_cc312_platform/lib/cortex-m33/soft-float/no-interrupts/libnrf_cc312_platform_0.9.7.a(cc_pal_dma.c.obj)
                0x0001185c                CC_PalDmaTerminate
 .text.CC_PalMutexCreate
                0x00011860       0x14 C:/Users/pulcher/ncs/v1.5.0/nrfxlib/crypto/nrf_cc312_platform/lib/cortex-m33/soft-float/no-interrupts/libnrf_cc312_platform_0.9.7.a(cc_pal_mutex.c.obj)
                0x00011860                CC_PalMutexCreate
 .text.CC_PalMutexDestroy
                0x00011874       0x14 C:/Users/pulcher/ncs/v1.5.0/nrfxlib/crypto/nrf_cc312_platform/lib/cortex-m33/soft-float/no-interrupts/libnrf_cc312_platform_0.9.7.a(cc_pal_mutex.c.obj)
                0x00011874                CC_PalMutexDestroy
 .text.CC_PalPowerSaveModeInit
                0x00011888       0x3c C:/Users/pulcher/ncs/v1.5.0/nrfxlib/crypto/nrf_cc312_platform/lib/cortex-m33/soft-float/no-interrupts/libnrf_cc312_platform_0.9.7.a(cc_pal_pm.c.obj)
                0x00011888                CC_PalPowerSaveModeInit
 .text.app_button_cb
                0x000118c4        0x4 app/libapp.a(app_ble.c.obj)
 .text.lv_scr_act
                0x000118c8        0xe app/libapp.a(gui.c.obj)
 .text.on_gui_event
                0x000118d6        0xc app/libapp.a(main.c.obj)
                0x000118d6                on_gui_event
 .text.sys_notify_validate
                0x000118e2       0x28 zephyr/libzephyr.a(notify.c.obj)
                0x000118e2                sys_notify_validate
 .text.sys_notify_finalize
                0x0001190a       0x32 zephyr/libzephyr.a(notify.c.obj)
                0x0001190a                sys_notify_finalize
 .text.arch_printk_char_out
                0x0001193c        0x4 zephyr/libzephyr.a(printk.c.obj)
                0x0001193c                arch_printk_char_out
 .text.printk   0x00011940       0x1a zephyr/libzephyr.a(printk.c.obj)
                0x00011940                printk
 .text.process_recheck
                0x0001195a       0x38 zephyr/libzephyr.a(onoff.c.obj)
 .text.notify_one
                0x00011992       0x2c zephyr/libzephyr.a(onoff.c.obj)
 .text.transition_complete
                0x000119be       0x1c zephyr/libzephyr.a(onoff.c.obj)
 .text.validate_args
                0x000119da       0x1e zephyr/libzephyr.a(onoff.c.obj)
 .text.onoff_manager_init
                0x000119f8       0x26 zephyr/libzephyr.a(onoff.c.obj)
                0x000119f8                onoff_manager_init
 .text.onoff_request
                0x00011a1e       0x92 zephyr/libzephyr.a(onoff.c.obj)
                0x00011a1e                onoff_request
 .text.z_thread_entry
                0x00011ab0       0x14 zephyr/libzephyr.a(thread_entry.c.obj)
                0x00011ab0                z_thread_entry
 .text.z_work_q_main
                0x00011ac4       0x3a zephyr/libzephyr.a(work_q.c.obj)
                0x00011ac4                z_work_q_main
 .text.chunk_field
                0x00011afe       0x16 zephyr/libzephyr.a(heap.c.obj)
 .text.chunk_set
                0x00011b14       0x16 zephyr/libzephyr.a(heap.c.obj)
 .text.chunk_size
                0x00011b2a        0xc zephyr/libzephyr.a(heap.c.obj)
 .text.set_chunk_used
                0x00011b36       0x30 zephyr/libzephyr.a(heap.c.obj)
 .text.set_chunk_size
                0x00011b66        0x8 zephyr/libzephyr.a(heap.c.obj)
 .text.bucket_idx
                0x00011b6e       0x1a zephyr/libzephyr.a(heap.c.obj)
 .text.merge_chunks
                0x00011b88       0x3c zephyr/libzephyr.a(heap.c.obj)
 .text.split_chunks
                0x00011bc4       0x4e zephyr/libzephyr.a(heap.c.obj)
 .text.free_list_remove_bidx
                0x00011c12       0x5e zephyr/libzephyr.a(heap.c.obj)
 .text.alloc_chunk
                0x00011c70       0x82 zephyr/libzephyr.a(heap.c.obj)
 .text.free_list_add
                0x00011cf2       0x8a zephyr/libzephyr.a(heap.c.obj)
 .text.free_list_remove
                0x00011d7c       0x2e zephyr/libzephyr.a(heap.c.obj)
 .text.free_chunk
                0x00011daa       0x84 zephyr/libzephyr.a(heap.c.obj)
 .text.sys_heap_free
                0x00011e2e       0x2c zephyr/libzephyr.a(heap.c.obj)
                0x00011e2e                sys_heap_free
 .text.sys_heap_alloc
                0x00011e5a       0x6e zephyr/libzephyr.a(heap.c.obj)
                0x00011e5a                sys_heap_alloc
 .text.sys_heap_aligned_alloc
                0x00011ec8       0xba zephyr/libzephyr.a(heap.c.obj)
                0x00011ec8                sys_heap_aligned_alloc
 .text.sys_heap_init
                0x00011f82       0xa4 zephyr/libzephyr.a(heap.c.obj)
                0x00011f82                sys_heap_init
 .text.outs     0x00012026       0x2c zephyr/libzephyr.a(cbprintf_complete.c.obj)
 .text._ConfigAbsSyms
                0x00012052        0x2 zephyr/libzephyr.a(configs.c.obj)
                0x00012052                _ConfigAbsSyms
 .text.z_platform_init
                0x00012054        0x4 zephyr/libzephyr.a(soc.c.obj)
                0x00012054                z_platform_init
 .text.virtio_get_status
                0x00012058        0x4 zephyr/libzephyr.a(rpmsg_backend.c.obj)
 .text.virtio_get_features
                0x0001205c        0x4 zephyr/libzephyr.a(rpmsg_backend.c.obj)
 .text.virtio_set_features
                0x00012060        0x2 zephyr/libzephyr.a(rpmsg_backend.c.obj)
 .text.virtqueue_allocate.constprop.0
                0x00012062       0x1a zephyr/libzephyr.a(rpmsg_backend.c.obj)
 .text.rpmsg_service_unbind
                0x0001207c        0x4 zephyr/libzephyr.a(rpmsg_service.c.obj)
 .text.get_status
                0x00012080       0x12 zephyr/libzephyr.a(clock_control_nrf.c.obj)
 .text.set_off_state
                0x00012092       0x32 zephyr/libzephyr.a(clock_control_nrf.c.obj)
 .text.set_starting_state
                0x000120c4       0x3c zephyr/libzephyr.a(clock_control_nrf.c.obj)
 .text.set_on_state
                0x00012100       0x26 zephyr/libzephyr.a(clock_control_nrf.c.obj)
 .text.onoff_started_callback
                0x00012126       0x12 zephyr/libzephyr.a(clock_control_nrf.c.obj)
 .text.hfclkaudio_start
                0x00012138        0x6 zephyr/libzephyr.a(clock_control_nrf.c.obj)
 .text.hfclk192m_start
                0x0001213e        0x6 zephyr/libzephyr.a(clock_control_nrf.c.obj)
 .text.lfclk_start
                0x00012144        0x6 zephyr/libzephyr.a(clock_control_nrf.c.obj)
 .text.hfclkaudio_stop
                0x0001214a        0x6 zephyr/libzephyr.a(clock_control_nrf.c.obj)
 .text.hfclk192m_stop
                0x00012150        0x6 zephyr/libzephyr.a(clock_control_nrf.c.obj)
 .text.lfclk_stop
                0x00012156        0x6 zephyr/libzephyr.a(clock_control_nrf.c.obj)
 .text.blocking_start_callback
                0x0001215c        0x6 zephyr/libzephyr.a(clock_control_nrf.c.obj)
 .text.api_stop
                0x00012162       0x28 zephyr/libzephyr.a(clock_control_nrf.c.obj)
 .text.api_start
                0x0001218a       0x36 zephyr/libzephyr.a(clock_control_nrf.c.obj)
 .text.gpio_pin_configure
                0x000121c0       0x3a zephyr/libzephyr.a(display_ili9xxx.c.obj)
 .text.gpio_pin_set
                0x000121fa       0x20 zephyr/libzephyr.a(display_ili9xxx.c.obj)
 .text.ili9xxx_read
                0x0001221a        0x6 zephyr/libzephyr.a(display_ili9xxx.c.obj)
 .text.ili9xxx_get_framebuffer
                0x00012220        0x4 zephyr/libzephyr.a(display_ili9xxx.c.obj)
 .text.ili9xxx_set_brightness
                0x00012224        0x6 zephyr/libzephyr.a(display_ili9xxx.c.obj)
 .text.ili9xxx_get_capabilities
                0x0001222a       0x38 zephyr/libzephyr.a(display_ili9xxx.c.obj)
 .text.ili9xxx_set_contrast
                0x00012262        0x6 zephyr/libzephyr.a(display_ili9xxx.c.obj)
 .text.ili9xxx_transmit
                0x00012268       0x6e zephyr/libzephyr.a(display_ili9xxx.c.obj)
                0x00012268                ili9xxx_transmit
 .text.ili9xxx_set_orientation
                0x000122d6       0x42 zephyr/libzephyr.a(display_ili9xxx.c.obj)
 .text.ili9xxx_set_pixel_format
                0x00012318       0x44 zephyr/libzephyr.a(display_ili9xxx.c.obj)
 .text.ili9xxx_write
                0x0001235c       0xf2 zephyr/libzephyr.a(display_ili9xxx.c.obj)
 .text.ili9xxx_display_blanking_off
                0x0001244e        0xa zephyr/libzephyr.a(display_ili9xxx.c.obj)
 .text.ili9xxx_display_blanking_on
                0x00012458        0xa zephyr/libzephyr.a(display_ili9xxx.c.obj)
 .text.ili9xxx_init
                0x00012462      0x12c zephyr/libzephyr.a(display_ili9xxx.c.obj)
 .text.ili9340_regs_init
                0x0001258e       0xa2 zephyr/libzephyr.a(display_ili9340.c.obj)
                0x0001258e                ili9340_regs_init
 .text.bt_rpmsg_send
                0x00012630       0x2e zephyr/libzephyr.a(rpmsg.c.obj)
 .text.bt_rpmsg_open
                0x0001265e       0x16 zephyr/libzephyr.a(rpmsg.c.obj)
 .text.bt_rpmsg_rx
                0x00012674       0xc4 zephyr/libzephyr.a(rpmsg.c.obj)
                0x00012674                bt_rpmsg_rx
 .text.endpoint_cb
                0x00012738        0xe zephyr/libzephyr.a(rpmsg_nrf53.c.obj)
 .text.z_clock_isr
                0x00012746        0x2 zephyr/libzephyr.a(sys_clock_init.c.obj)
                0x00012746                z_clock_isr
 .text.z_clock_idle_exit
                0x00012748        0x2 zephyr/libzephyr.a(sys_clock_init.c.obj)
                0x00012748                z_clock_idle_exit
 .text.sys_clock_disable
                0x0001274a        0x2 zephyr/libzephyr.a(sys_clock_init.c.obj)
                0x0001274a                sys_clock_disable
 .text.abort_function
                0x0001274c        0x6 zephyr/libzephyr.a(nrf_cc3xx_platform_abort_zephyr.c.obj)
 .text._copy    0x00012752       0x1a zephyr/libzephyr.a(utils.c.obj)
                0x00012752                _copy
 .text._set     0x0001276c        0x4 zephyr/libzephyr.a(utils.c.obj)
                0x0001276c                _set
 .text._double_byte
                0x00012770       0x12 zephyr/libzephyr.a(utils.c.obj)
                0x00012770                _double_byte
 .text.add_round_key
                0x00012782       0x8a zephyr/libzephyr.a(aes_encrypt.c.obj)
 .text.shift_rows
                0x0001280c       0x72 zephyr/libzephyr.a(aes_encrypt.c.obj)
 .text.mult_row_column
                0x0001287e       0x80 zephyr/libzephyr.a(aes_encrypt.c.obj)
 .text.gf_double
                0x000128fe       0x2a zephyr/libzephyr.a(cmac_mode.c.obj)
                0x000128fe                gf_double
 .text.tc_cmac_erase
                0x00012928       0x10 zephyr/libzephyr.a(cmac_mode.c.obj)
                0x00012928                tc_cmac_erase
 .text.tc_cmac_init
                0x00012938       0x2c zephyr/libzephyr.a(cmac_mode.c.obj)
                0x00012938                tc_cmac_init
 .text.tc_cmac_setup
                0x00012964       0x56 zephyr/libzephyr.a(cmac_mode.c.obj)
                0x00012964                tc_cmac_setup
 .text.tc_cmac_update
                0x000129ba       0xd8 zephyr/libzephyr.a(cmac_mode.c.obj)
                0x000129ba                tc_cmac_update
 .text.tc_cmac_final
                0x00012a92       0x6c zephyr/libzephyr.a(cmac_mode.c.obj)
                0x00012a92                tc_cmac_final
 .text.tc_sha256_update
                0x00012afe       0x4c zephyr/libzephyr.a(sha256.c.obj)
                0x00012afe                tc_sha256_update
 .text.tc_sha256_final
                0x00012b4a       0xba zephyr/libzephyr.a(sha256.c.obj)
                0x00012b4a                tc_sha256_final
 .text.rekey    0x00012c04       0x3a zephyr/libzephyr.a(hmac.c.obj)
 .text.tc_hmac_set_key
                0x00012c3e       0x68 zephyr/libzephyr.a(hmac.c.obj)
                0x00012c3e                tc_hmac_set_key
 .text.tc_hmac_init
                0x00012ca6       0x1a zephyr/libzephyr.a(hmac.c.obj)
                0x00012ca6                tc_hmac_init
 .text.tc_hmac_update
                0x00012cc0        0xc zephyr/libzephyr.a(hmac.c.obj)
                0x00012cc0                tc_hmac_update
 .text.tc_hmac_final
                0x00012ccc       0x50 zephyr/libzephyr.a(hmac.c.obj)
                0x00012ccc                tc_hmac_final
 .text.update   0x00012d1c      0x122 zephyr/libzephyr.a(hmac_prng.c.obj)
 .text.tc_hmac_prng_init
                0x00012e3e       0x40 zephyr/libzephyr.a(hmac_prng.c.obj)
                0x00012e3e                tc_hmac_prng_init
 .text.tc_hmac_prng_reseed
                0x00012e7e       0x32 zephyr/libzephyr.a(hmac_prng.c.obj)
                0x00012e7e                tc_hmac_prng_reseed
 .text.tc_hmac_prng_generate
                0x00012eb0       0x8e zephyr/libzephyr.a(hmac_prng.c.obj)
                0x00012eb0                tc_hmac_prng_generate
 .text.z_irq_spurious
                0x00012f3e        0x8 zephyr/arch/arch/arm/core/aarch32/libarch__arm__core__aarch32.a(irq_manage.c.obj)
                0x00012f3e                z_irq_spurious
 .text.configure_builtin_stack_guard
                0x00012f46        0x8 zephyr/arch/arch/arm/core/aarch32/libarch__arm__core__aarch32.a(thread.c.obj)
                0x00012f46                configure_builtin_stack_guard
 .text.z_arm_fatal_error
                0x00012f4e        0x4 zephyr/arch/arch/arm/core/aarch32/libarch__arm__core__aarch32.a(fatal.c.obj)
                0x00012f4e                z_arm_fatal_error
 .text.z_do_kernel_oops
                0x00012f52        0x8 zephyr/arch/arch/arm/core/aarch32/libarch__arm__core__aarch32.a(fatal.c.obj)
                0x00012f52                z_do_kernel_oops
 .text.z_arm_nmi
                0x00012f5a        0xe zephyr/arch/arch/arm/core/aarch32/libarch__arm__core__aarch32.a(nmi.c.obj)
                0x00012f5a                z_arm_nmi
 .text.mpu_configure_region
                0x00012f68       0x3a zephyr/arch/arch/arm/core/aarch32/cortex_m/mpu/libarch__arm__core__aarch32__cortex_m__mpu.a(arm_mpu.c.obj)
 .text.arm_cmse_mpu_region_get